Archive member included to satisfy reference by file (symbol)

e:/programs/stm32cubeide_1.2.0/stm32cubeide/plugins/com.st.stm32cube.ide.mcu.externaltools.gnu-tools-for-stm32.7-2018-q2-update.win32_1.0.0.201904181610/tools/bin/../lib/gcc/arm-none-eabi/7.3.1/../../../../arm-none-eabi/lib/thumb/v7e-m/fpv4-sp/hard\libc_nano.a(lib_a-errno.o)
                              Core/Src/syscalls.o (__errno)
e:/programs/stm32cubeide_1.2.0/stm32cubeide/plugins/com.st.stm32cube.ide.mcu.externaltools.gnu-tools-for-stm32.7-2018-q2-update.win32_1.0.0.201904181610/tools/bin/../lib/gcc/arm-none-eabi/7.3.1/../../../../arm-none-eabi/lib/thumb/v7e-m/fpv4-sp/hard\libc_nano.a(lib_a-exit.o)
                              e:/programs/stm32cubeide_1.2.0/stm32cubeide/plugins/com.st.stm32cube.ide.mcu.externaltools.gnu-tools-for-stm32.7-2018-q2-update.win32_1.0.0.201904181610/tools/bin/../lib/gcc/arm-none-eabi/7.3.1/../../../../arm-none-eabi/lib/thumb/v7e-m/fpv4-sp/hard/crt0.o (exit)
e:/programs/stm32cubeide_1.2.0/stm32cubeide/plugins/com.st.stm32cube.ide.mcu.externaltools.gnu-tools-for-stm32.7-2018-q2-update.win32_1.0.0.201904181610/tools/bin/../lib/gcc/arm-none-eabi/7.3.1/../../../../arm-none-eabi/lib/thumb/v7e-m/fpv4-sp/hard\libc_nano.a(lib_a-impure.o)
                              e:/programs/stm32cubeide_1.2.0/stm32cubeide/plugins/com.st.stm32cube.ide.mcu.externaltools.gnu-tools-for-stm32.7-2018-q2-update.win32_1.0.0.201904181610/tools/bin/../lib/gcc/arm-none-eabi/7.3.1/../../../../arm-none-eabi/lib/thumb/v7e-m/fpv4-sp/hard\libc_nano.a(lib_a-exit.o) (_global_impure_ptr)
e:/programs/stm32cubeide_1.2.0/stm32cubeide/plugins/com.st.stm32cube.ide.mcu.externaltools.gnu-tools-for-stm32.7-2018-q2-update.win32_1.0.0.201904181610/tools/bin/../lib/gcc/arm-none-eabi/7.3.1/../../../../arm-none-eabi/lib/thumb/v7e-m/fpv4-sp/hard\libc_nano.a(lib_a-init.o)
                              e:/programs/stm32cubeide_1.2.0/stm32cubeide/plugins/com.st.stm32cube.ide.mcu.externaltools.gnu-tools-for-stm32.7-2018-q2-update.win32_1.0.0.201904181610/tools/bin/../lib/gcc/arm-none-eabi/7.3.1/../../../../arm-none-eabi/lib/thumb/v7e-m/fpv4-sp/hard/crt0.o (__libc_init_array)
e:/programs/stm32cubeide_1.2.0/stm32cubeide/plugins/com.st.stm32cube.ide.mcu.externaltools.gnu-tools-for-stm32.7-2018-q2-update.win32_1.0.0.201904181610/tools/bin/../lib/gcc/arm-none-eabi/7.3.1/../../../../arm-none-eabi/lib/thumb/v7e-m/fpv4-sp/hard\libc_nano.a(lib_a-memmove.o)
                              Core/Libs/ssd1306/ssd1306_tests.o (memmove)
e:/programs/stm32cubeide_1.2.0/stm32cubeide/plugins/com.st.stm32cube.ide.mcu.externaltools.gnu-tools-for-stm32.7-2018-q2-update.win32_1.0.0.201904181610/tools/bin/../lib/gcc/arm-none-eabi/7.3.1/../../../../arm-none-eabi/lib/thumb/v7e-m/fpv4-sp/hard\libc_nano.a(lib_a-memset.o)
                              e:/programs/stm32cubeide_1.2.0/stm32cubeide/plugins/com.st.stm32cube.ide.mcu.externaltools.gnu-tools-for-stm32.7-2018-q2-update.win32_1.0.0.201904181610/tools/bin/../lib/gcc/arm-none-eabi/7.3.1/../../../../arm-none-eabi/lib/thumb/v7e-m/fpv4-sp/hard/crt0.o (memset)
e:/programs/stm32cubeide_1.2.0/stm32cubeide/plugins/com.st.stm32cube.ide.mcu.externaltools.gnu-tools-for-stm32.7-2018-q2-update.win32_1.0.0.201904181610/tools/bin/../lib/gcc/arm-none-eabi/7.3.1/../../../../arm-none-eabi/lib/thumb/v7e-m/fpv4-sp/hard\libc_nano.a(lib_a-snprintf.o)
                              Core/Libs/ssd1306/ssd1306_tests.o (snprintf)
e:/programs/stm32cubeide_1.2.0/stm32cubeide/plugins/com.st.stm32cube.ide.mcu.externaltools.gnu-tools-for-stm32.7-2018-q2-update.win32_1.0.0.201904181610/tools/bin/../lib/gcc/arm-none-eabi/7.3.1/../../../../arm-none-eabi/lib/thumb/v7e-m/fpv4-sp/hard\libc_nano.a(lib_a-sprintf.o)
                              Core/Libs/echo_radar/echo_radar.o (sprintf)
e:/programs/stm32cubeide_1.2.0/stm32cubeide/plugins/com.st.stm32cube.ide.mcu.externaltools.gnu-tools-for-stm32.7-2018-q2-update.win32_1.0.0.201904181610/tools/bin/../lib/gcc/arm-none-eabi/7.3.1/../../../../arm-none-eabi/lib/thumb/v7e-m/fpv4-sp/hard\libc_nano.a(lib_a-strcat.o)
                              Core/Libs/echo_radar/echo_radar.o (strcat)
e:/programs/stm32cubeide_1.2.0/stm32cubeide/plugins/com.st.stm32cube.ide.mcu.externaltools.gnu-tools-for-stm32.7-2018-q2-update.win32_1.0.0.201904181610/tools/bin/../lib/gcc/arm-none-eabi/7.3.1/../../../../arm-none-eabi/lib/thumb/v7e-m/fpv4-sp/hard\libc_nano.a(lib_a-strlen.o)
                              Core/Libs/dma_uasrt/dma_usart.o (strlen)
e:/programs/stm32cubeide_1.2.0/stm32cubeide/plugins/com.st.stm32cube.ide.mcu.externaltools.gnu-tools-for-stm32.7-2018-q2-update.win32_1.0.0.201904181610/tools/bin/../lib/gcc/arm-none-eabi/7.3.1/../../../../arm-none-eabi/lib/thumb/v7e-m/fpv4-sp/hard\libc_nano.a(lib_a-vsprintf.o)
                              Core/Libs/dma_uasrt/dma_usart.o (vsprintf)
[...]
Memory Configuration

Name             Origin             Length             Attributes
RAM              0x0000000020000000 0x0000000000028000 xrw
FLASH            0x0000000008000000 0x0000000000080000 xr
*default*        0x0000000000000000 0xffffffffffffffff

Linker script and memory map

LOAD e:/programs/stm32cubeide_1.2.0/stm32cubeide/plugins/com.st.stm32cube.ide.mcu.externaltools.gnu-tools-for-stm32.7-2018-q2-update.win32_1.0.0.201904181610/tools/bin/../lib/gcc/arm-none-eabi/7.3.1/thumb/v7e-m/fpv4-sp/hard/crti.o
LOAD e:/programs/stm32cubeide_1.2.0/stm32cubeide/plugins/com.st.stm32cube.ide.mcu.externaltools.gnu-tools-for-stm32.7-2018-q2-update.win32_1.0.0.201904181610/tools/bin/../lib/gcc/arm-none-eabi/7.3.1/thumb/v7e-m/fpv4-sp/hard/crtbegin.o
LOAD e:/programs/stm32cubeide_1.2.0/stm32cubeide/plugins/com.st.stm32cube.ide.mcu.externaltools.gnu-tools-for-stm32.7-2018-q2-update.win32_1.0.0.201904181610/tools/bin/../lib/gcc/arm-none-eabi/7.3.1/../../../../arm-none-eabi/lib/thumb/v7e-m/fpv4-sp/hard/crt0.o
LOAD Core/Libs/dma_uasrt/dma_usart.o
LOAD Core/Libs/dwt_delay/dwt_delay.o
LOAD Core/Libs/echo_radar/echo_radar.o
LOAD Core/Libs/encoder/encoder.o
LOAD Core/Libs/hcsr04_IC/hcsr04.o
LOAD Core/Libs/ssd1306/ssd1306.o
LOAD Core/Libs/ssd1306/ssd1306_fonts.o
LOAD Core/Libs/ssd1306/ssd1306_tests.o
LOAD Core/Libs/step_motor/step_motor.o
LOAD Core/Src/main.o
LOAD Core/Src/stm32l4xx_hal_msp.o
LOAD Core/Src/stm32l4xx_it.o
LOAD Core/Src/syscalls.o
LOAD Core/Src/sysmem.o
LOAD Core/Src/system_stm32l4xx.o
LOAD Core/Startup/startup_stm32l452retx.o
LOAD Drivers/STM32L4xx_HAL_Driver/Src/stm32l4xx_hal.o
LOAD Drivers/STM32L4xx_HAL_Driver/Src/stm32l4xx_hal_cortex.o
LOAD Drivers/STM32L4xx_HAL_Driver/Src/stm32l4xx_hal_dma.o
LOAD Drivers/STM32L4xx_HAL_Driver/Src/stm32l4xx_hal_dma_ex.o
LOAD Drivers/STM32L4xx_HAL_Driver/Src/stm32l4xx_hal_exti.o
LOAD Drivers/STM32L4xx_HAL_Driver/Src/stm32l4xx_hal_flash.o
LOAD Drivers/STM32L4xx_HAL_Driver/Src/stm32l4xx_hal_flash_ex.o
LOAD Drivers/STM32L4xx_HAL_Driver/Src/stm32l4xx_hal_flash_ramfunc.o
LOAD Drivers/STM32L4xx_HAL_Driver/Src/stm32l4xx_hal_gpio.o
LOAD Drivers/STM32L4xx_HAL_Driver/Src/stm32l4xx_hal_i2c.o
LOAD Drivers/STM32L4xx_HAL_Driver/Src/stm32l4xx_hal_i2c_ex.o
LOAD Drivers/STM32L4xx_HAL_Driver/Src/stm32l4xx_hal_pwr.o
LOAD Drivers/STM32L4xx_HAL_Driver/Src/stm32l4xx_hal_pwr_ex.o
LOAD Drivers/STM32L4xx_HAL_Driver/Src/stm32l4xx_hal_rcc.o
LOAD Drivers/STM32L4xx_HAL_Driver/Src/stm32l4xx_hal_rcc_ex.o
LOAD Drivers/STM32L4xx_HAL_Driver/Src/stm32l4xx_hal_tim.o
LOAD Drivers/STM32L4xx_HAL_Driver/Src/stm32l4xx_hal_tim_ex.o
LOAD Drivers/STM32L4xx_HAL_Driver/Src/stm32l4xx_hal_uart.o
LOAD Drivers/STM32L4xx_HAL_Driver/Src/stm32l4xx_hal_uart_ex.o
START GROUP
LOAD e:/programs/stm32cubeide_1.2.0/stm32cubeide/plugins/com.st.stm32cube.ide.mcu.externaltools.gnu-tools-for-stm32.7-2018-q2-update.win32_1.0.0.201904181610/tools/bin/../lib/gcc/arm-none-eabi/7.3.1/../../../../arm-none-eabi/lib/thumb/v7e-m/fpv4-sp/hard\libc_nano.a
LOAD e:/programs/stm32cubeide_1.2.0/stm32cubeide/plugins/com.st.stm32cube.ide.mcu.externaltools.gnu-tools-for-stm32.7-2018-q2-update.win32_1.0.0.201904181610/tools/bin/../lib/gcc/arm-none-eabi/7.3.1/../../../../arm-none-eabi/lib/thumb/v7e-m/fpv4-sp/hard\libm.a
END GROUP
START GROUP
LOAD e:/programs/stm32cubeide_1.2.0/stm32cubeide/plugins/com.st.stm32cube.ide.mcu.externaltools.gnu-tools-for-stm32.7-2018-q2-update.win32_1.0.0.201904181610/tools/bin/../lib/gcc/arm-none-eabi/7.3.1/thumb/v7e-m/fpv4-sp/hard\libgcc.a
LOAD e:/programs/stm32cubeide_1.2.0/stm32cubeide/plugins/com.st.stm32cube.ide.mcu.externaltools.gnu-tools-for-stm32.7-2018-q2-update.win32_1.0.0.201904181610/tools/bin/../lib/gcc/arm-none-eabi/7.3.1/../../../../arm-none-eabi/lib/thumb/v7e-m/fpv4-sp/hard\libc_nano.a
END GROUP
START GROUP
LOAD e:/programs/stm32cubeide_1.2.0/stm32cubeide/plugins/com.st.stm32cube.ide.mcu.externaltools.gnu-tools-for-stm32.7-2018-q2-update.win32_1.0.0.201904181610/tools/bin/../lib/gcc/arm-none-eabi/7.3.1/thumb/v7e-m/fpv4-sp/hard\libgcc.a
LOAD e:/programs/stm32cubeide_1.2.0/stm32cubeide/plugins/com.st.stm32cube.ide.mcu.externaltools.gnu-tools-for-stm32.7-2018-q2-update.win32_1.0.0.201904181610/tools/bin/../lib/gcc/arm-none-eabi/7.3.1/../../../../arm-none-eabi/lib/thumb/v7e-m/fpv4-sp/hard\libc_nano.a
LOAD e:/programs/stm32cubeide_1.2.0/stm32cubeide/plugins/com.st.stm32cube.ide.mcu.externaltools.gnu-tools-for-stm32.7-2018-q2-update.win32_1.0.0.201904181610/tools/bin/../lib/gcc/arm-none-eabi/7.3.1/../../../../arm-none-eabi/lib/thumb/v7e-m/fpv4-sp/hard\libnosys.a
END GROUP
START GROUP
LOAD e:/programs/stm32cubeide_1.2.0/stm32cubeide/plugins/com.st.stm32cube.ide.mcu.externaltools.gnu-tools-for-stm32.7-2018-q2-update.win32_1.0.0.201904181610/tools/bin/../lib/gcc/arm-none-eabi/7.3.1/thumb/v7e-m/fpv4-sp/hard\libgcc.a
LOAD e:/programs/stm32cubeide_1.2.0/stm32cubeide/plugins/com.st.stm32cube.ide.mcu.externaltools.gnu-tools-for-stm32.7-2018-q2-update.win32_1.0.0.201904181610/tools/bin/../lib/gcc/arm-none-eabi/7.3.1/../../../../arm-none-eabi/lib/thumb/v7e-m/fpv4-sp/hard\libc_nano.a
LOAD e:/programs/stm32cubeide_1.2.0/stm32cubeide/plugins/com.st.stm32cube.ide.mcu.externaltools.gnu-tools-for-stm32.7-2018-q2-update.win32_1.0.0.201904181610/tools/bin/../lib/gcc/arm-none-eabi/7.3.1/../../../../arm-none-eabi/lib/thumb/v7e-m/fpv4-sp/hard\libnosys.a
END GROUP
LOAD e:/programs/stm32cubeide_1.2.0/stm32cubeide/plugins/com.st.stm32cube.ide.mcu.externaltools.gnu-tools-for-stm32.7-2018-q2-update.win32_1.0.0.201904181610/tools/bin/../lib/gcc/arm-none-eabi/7.3.1/thumb/v7e-m/fpv4-sp/hard/crtend.o
LOAD e:/programs/stm32cubeide_1.2.0/stm32cubeide/plugins/com.st.stm32cube.ide.mcu.externaltools.gnu-tools-for-stm32.7-2018-q2-update.win32_1.0.0.201904181610/tools/bin/../lib/gcc/arm-none-eabi/7.3.1/thumb/v7e-m/fpv4-sp/hard/crtn.o
                0x0000000020028000                _estack = (ORIGIN (RAM) + LENGTH (RAM))
                0x0000000000000200                _Min_Heap_Size = 0x200
                0x0000000000000400                _Min_Stack_Size = 0x400

.isr_vector     0x0000000008000000      0x194
                0x0000000008000000                . = ALIGN (0x4)
 *(.isr_vector)
 .isr_vector    0x0000000008000000      0x194 Core/Startup/startup_stm32l452retx.o
                0x0000000008000000                g_pfnVectors
                0x0000000008000194                . = ALIGN (0x4)

.text           0x00000000080001a0     0x6994
                0x00000000080001a0                . = ALIGN (0x4)
 *(.text)
 .text          0x00000000080001a0       0x40 e:/programs/stm32cubeide_1.2.0/stm32cubeide/plugins/com.st.stm32cube.ide.mcu.externaltools.gnu-tools-for-stm32.7-2018-q2-update.win32_1.0.0.201904181610/tools/bin/../lib/gcc/arm-none-eabi/7.3.1/thumb/v7e-m/fpv4-sp/hard/crtbegin.o
 .text          0x00000000080001e0       0x10 e:/programs/stm32cubeide_1.2.0/stm32cubeide/plugins/com.st.stm32cube.ide.mcu.externaltools.gnu-tools-for-stm32.7-2018-q2-update.win32_1.0.0.201904181610/tools/bin/../lib/gcc/arm-none-eabi/7.3.1/../../../../arm-none-eabi/lib/thumb/v7e-m/fpv4-sp/hard\libc_nano.a(lib_a-strlen.o)
                0x00000000080001e0                strlen
 .text          0x00000000080001f0       0xa0 e:/programs/stm32cubeide_1.2.0/stm32cubeide/plugins/com.st.stm32cube.ide.mcu.externaltools.gnu-tools-for-stm32.7-2018-q2-update.win32_1.0.0.201904181610/tools/bin/../lib/gcc/arm-none-eabi/7.3.1/../../../../arm-none-eabi/lib/thumb/v7e-m/fpv4-sp/hard\libc_nano.a(lib_a-memchr.o)
                0x00000000080001f0                memchr
 .text          0x0000000008000290      0x378 e:/programs/stm32cubeide_1.2.0/stm32cubeide/plugins/com.st.stm32cube.ide.mcu.externaltools.gnu-tools-for-stm32.7-2018-q2-update.win32_1.0.0.201904181610/tools/bin/../lib/gcc/arm-none-eabi/7.3.1/thumb/v7e-m/fpv4-sp/hard\libgcc.a(_arm_addsubdf3.o)
                0x0000000008000290                __aeabi_drsub
                0x0000000008000298                __aeabi_dsub
                0x0000000008000298                __subdf3
                0x000000000800029c                __aeabi_dadd
                0x000000000800029c                __adddf3
                0x0000000008000514                __floatunsidf
                0x0000000008000514                __aeabi_ui2d
                0x0000000008000534                __floatsidf
                0x0000000008000534                __aeabi_i2d
                0x0000000008000558                __aeabi_f2d
                0x0000000008000558                __extendsfdf2
                0x000000000800059c                __floatundidf
                0x000000000800059c                __aeabi_ul2d
                0x00000000080005ac                __floatdidf
                0x00000000080005ac                __aeabi_l2d
 .text          0x0000000008000608      0x424 e:/programs/stm32cubeide_1.2.0/stm32cubeide/plugins/com.st.stm32cube.ide.mcu.externaltools.gnu-tools-for-stm32.7-2018-q2-update.win32_1.0.0.201904181610/tools/bin/../lib/gcc/arm-none-eabi/7.3.1/thumb/v7e-m/fpv4-sp/hard\libgcc.a(_arm_muldivdf3.o)
                0x0000000008000608                __aeabi_dmul
                0x0000000008000608                __muldf3
                0x000000000800085c                __divdf3
                0x000000000800085c                __aeabi_ddiv
 .text          0x0000000008000a2c       0x40 e:/programs/stm32cubeide_1.2.0/stm32cubeide/plugins/com.st.stm32cube.ide.mcu.externaltools.gnu-tools-for-stm32.7-2018-q2-update.win32_1.0.0.201904181610/tools/bin/../lib/gcc/arm-none-eabi/7.3.1/thumb/v7e-m/fpv4-sp/hard\libgcc.a(_arm_fixunsdfsi.o)
                0x0000000008000a2c                __aeabi_d2uiz
                0x0000000008000a2c                __fixunsdfsi
 .text          0x0000000008000a6c       0x30 e:/programs/stm32cubeide_1.2.0/stm32cubeide/plugins/com.st.stm32cube.ide.mcu.externaltools.gnu-tools-for-stm32.7-2018-q2-update.win32_1.0.0.201904181610/tools/bin/../lib/gcc/arm-none-eabi/7.3.1/thumb/v7e-m/fpv4-sp/hard\libgcc.a(_aeabi_uldivmod.o)
                0x0000000008000a6c                __aeabi_uldivmod
 .text          0x0000000008000a9c      0x2cc e:/programs/stm32cubeide_1.2.0/stm32cubeide/plugins/com.st.stm32cube.ide.mcu.externaltools.gnu-tools-for-stm32.7-2018-q2-update.win32_1.0.0.201904181610/tools/bin/../lib/gcc/arm-none-eabi/7.3.1/thumb/v7e-m/fpv4-sp/hard\libgcc.a(_udivmoddi4.o)
                0x0000000008000a9c                __udivmoddi4
 .text          0x0000000008000d68        0x4 e:/programs/stm32cubeide_1.2.0/stm32cubeide/plugins/com.st.stm32cube.ide.mcu.externaltools.gnu-tools-for-stm32.7-2018-q2-update.win32_1.0.0.201904181610/tools/bin/../lib/gcc/arm-none-eabi/7.3.1/thumb/v7e-m/fpv4-sp/hard\libgcc.a(_dvmd_tls.o)
                0x0000000008000d68                __aeabi_idiv0
                0x0000000008000d68                __aeabi_ldiv0
 *(.text*)
 .text.DMA_USART_Print
                0x0000000008000d6c       0x40 Core/Libs/dma_uasrt/dma_usart.o
                0x0000000008000d6c                DMA_USART_Print
 .text.DMA_USART_Init
                0x0000000008000dac       0x1c Core/Libs/dma_uasrt/dma_usart.o
                0x0000000008000dac                DMA_USART_Init
 .text.DMATransferComplete
                0x0000000008000dc8       0x28 Core/Libs/dma_uasrt/dma_usart.o
                0x0000000008000dc8                DMATransferComplete
 .text.DMA_USART_GetBuffer
                0x0000000008000df0       0x14 Core/Libs/dma_uasrt/dma_usart.o
                0x0000000008000df0                DMA_USART_GetBuffer
 .text.DWT_Init
                0x0000000008000e04       0x40 Core/Libs/dwt_delay/dwt_delay.o
                0x0000000008000e04                DWT_Init
 .text.DWT_Delay
                0x0000000008000e44       0x6c Core/Libs/dwt_delay/dwt_delay.o
                0x0000000008000e44                DWT_Delay
 .text.EchoRadar_UpdateViewing
                0x0000000008000eb0       0x34 Core/Libs/echo_radar/echo_radar.o
                0x0000000008000eb0                EchoRadar_UpdateViewing
 .text.EchoRadar_SendMessage
                0x0000000008000ee4       0xdc Core/Libs/echo_radar/echo_radar.o
                0x0000000008000ee4                EchoRadar_SendMessage
 .text.EchoRadar_Init
                0x0000000008000fc0       0x58 Core/Libs/echo_radar/echo_radar.o
                0x0000000008000fc0                EchoRadar_Init
 .text.EchoRadar_Precessing
                0x0000000008001018       0x4c Core/Libs/echo_radar/echo_radar.o
                0x0000000008001018                EchoRadar_Precessing
 .text.EchoRadar_Compare
                0x0000000008001064       0xdc Core/Libs/echo_radar/echo_radar.o
                0x0000000008001064                EchoRadar_Compare
 .text.EchoRadar_EnableMotor
                0x0000000008001140       0xfc Core/Libs/echo_radar/echo_radar.o
                0x0000000008001140                EchoRadar_EnableMotor
 .text.EchoRadar_DisableMotor
                0x000000000800123c       0x24 Core/Libs/echo_radar/echo_radar.o
                0x000000000800123c                EchoRadar_DisableMotor
 .text.EchoRadar_MotorTimerHandler
                0x0000000008001260       0x40 Core/Libs/echo_radar/echo_radar.o
                0x0000000008001260                EchoRadar_MotorTimerHandler
 .text.EncoderInit
                0x00000000080012a0       0xc0 Core/Libs/encoder/encoder.o
                0x00000000080012a0                EncoderInit
 .text.EncoderTumblerTimerInterrupt
                0x0000000008001360       0xac Core/Libs/encoder/encoder.o
                0x0000000008001360                EncoderTumblerTimerInterrupt
 .text.EncoderButtonExternInterrupt
                0x000000000800140c       0x48 Core/Libs/encoder/encoder.o
                0x000000000800140c                EncoderButtonExternInterrupt
 .text.EncoderGetTublerState
                0x0000000008001454       0x1a Core/Libs/encoder/encoder.o
                0x0000000008001454                EncoderGetTublerState
 .text.EncoderGetButtonState
                0x000000000800146e       0x1a Core/Libs/encoder/encoder.o
                0x000000000800146e                EncoderGetButtonState
 .text.EncoderTougleButton
                0x0000000008001488       0x2a Core/Libs/encoder/encoder.o
                0x0000000008001488                EncoderTougleButton
 .text.EncoderTomblerInc
                0x00000000080014b2       0x32 Core/Libs/encoder/encoder.o
                0x00000000080014b2                EncoderTomblerInc
 .text.EncoderTomblerDec
                0x00000000080014e4       0x30 Core/Libs/encoder/encoder.o
                0x00000000080014e4                EncoderTomblerDec
 .text.HCSR04_GetDistance
                0x0000000008001514       0x18 Core/Libs/hcsr04_IC/hcsr04.o
                0x0000000008001514                HCSR04_GetDistance
 .text.HCSR04_Init
                0x000000000800152c       0x20 Core/Libs/hcsr04_IC/hcsr04.o
                0x000000000800152c                HCSR04_Init
 .text.HCSR04_ReadDistance
                0x000000000800154c       0x48 Core/Libs/hcsr04_IC/hcsr04.o
                0x000000000800154c                HCSR04_ReadDistance
 *fill*         0x0000000008001594        0x4 
 .text.HCSR04_CaptureCallback
                0x0000000008001598      0x288 Core/Libs/hcsr04_IC/hcsr04.o
                0x0000000008001598                HCSR04_CaptureCallback
 .text.StepMotorInit
                0x0000000008001820       0x32 Core/Libs/step_motor/step_motor.o
                0x0000000008001820                StepMotorInit
 .text.StepMotorWrite
                0x0000000008001852       0x62 Core/Libs/step_motor/step_motor.o
                0x0000000008001852                StepMotorWrite
 .text.StepMotorRotate
                0x00000000080018b4      0x13c Core/Libs/step_motor/step_motor.o
                0x00000000080018b4                StepMotorRotate
 .text.main     0x00000000080019f0       0xb8 Core/Src/main.o
                0x00000000080019f0                main
 .text.SystemClock_Config
                0x0000000008001aa8       0xe2 Core/Src/main.o
                0x0000000008001aa8                SystemClock_Config
 *fill*         0x0000000008001b8a        0x2 
 .text.MX_I2C1_Init
                0x0000000008001b8c       0x80 Core/Src/main.o
 .text.MX_TIM1_Init
                0x0000000008001c0c       0xb4 Core/Src/main.o
 .text.MX_TIM2_Init
                0x0000000008001cc0       0x9c Core/Src/main.o
 .text.MX_TIM3_Init
                0x0000000008001d5c       0xa8 Core/Src/main.o
 .text.MX_TIM6_Init
                0x0000000008001e04       0x6c Core/Src/main.o
 .text.MX_USART2_UART_Init
                0x0000000008001e70       0x60 Core/Src/main.o
 .text.MX_DMA_Init
                0x0000000008001ed0       0x3c Core/Src/main.o
 .text.MX_GPIO_Init
                0x0000000008001f0c       0xf0 Core/Src/main.o
 .text.InitDevices
                0x0000000008001ffc       0x88 Core/Src/main.o
                0x0000000008001ffc                InitDevices
 .text.HAL_TIM_IC_CaptureCallback
                0x0000000008002084       0x24 Core/Src/main.o
                0x0000000008002084                HAL_TIM_IC_CaptureCallback
 .text.Error_Handler
                0x00000000080020a8        0xe Core/Src/main.o
                0x00000000080020a8                Error_Handler
 *fill*         0x00000000080020b6        0x2 
 .text.HAL_MspInit
                0x00000000080020b8       0x48 Core/Src/stm32l4xx_hal_msp.o
                0x00000000080020b8                HAL_MspInit
 .text.HAL_I2C_MspInit
                0x0000000008002100       0xc4 Core/Src/stm32l4xx_hal_msp.o
                0x0000000008002100                HAL_I2C_MspInit
 .text.HAL_TIM_Encoder_MspInit
                0x00000000080021c4       0x98 Core/Src/stm32l4xx_hal_msp.o
                0x00000000080021c4                HAL_TIM_Encoder_MspInit
 .text.HAL_TIM_Base_MspInit
                0x000000000800225c       0x80 Core/Src/stm32l4xx_hal_msp.o
                0x000000000800225c                HAL_TIM_Base_MspInit
 .text.HAL_TIM_IC_MspInit
                0x00000000080022dc       0x94 Core/Src/stm32l4xx_hal_msp.o
                0x00000000080022dc                HAL_TIM_IC_MspInit
 .text.HAL_UART_MspInit
                0x0000000008002370       0xe0 Core/Src/stm32l4xx_hal_msp.o
                0x0000000008002370                HAL_UART_MspInit
 .text.NMI_Handler
                0x0000000008002450        0xe Core/Src/stm32l4xx_it.o
                0x0000000008002450                NMI_Handler
 .text.HardFault_Handler
                0x000000000800245e        0x6 Core/Src/stm32l4xx_it.o
                0x000000000800245e                HardFault_Handler
 .text.MemManage_Handler
                0x0000000008002464        0x6 Core/Src/stm32l4xx_it.o
                0x0000000008002464                MemManage_Handler
 .text.BusFault_Handler
                0x000000000800246a        0x6 Core/Src/stm32l4xx_it.o
                0x000000000800246a                BusFault_Handler
 .text.UsageFault_Handler
                0x0000000008002470        0x6 Core/Src/stm32l4xx_it.o
                0x0000000008002470                UsageFault_Handler
 .text.SVC_Handler
                0x0000000008002476        0xe Core/Src/stm32l4xx_it.o
                0x0000000008002476                SVC_Handler
 .text.DebugMon_Handler
                0x0000000008002484        0xe Core/Src/stm32l4xx_it.o
                0x0000000008002484                DebugMon_Handler
 .text.PendSV_Handler
                0x0000000008002492        0xe Core/Src/stm32l4xx_it.o
                0x0000000008002492                PendSV_Handler
 .text.SysTick_Handler
                0x00000000080024a0        0xc Core/Src/stm32l4xx_it.o
                0x00000000080024a0                SysTick_Handler
 .text.DMA1_Channel7_IRQHandler
                0x00000000080024ac       0x14 Core/Src/stm32l4xx_it.o
                0x00000000080024ac                DMA1_Channel7_IRQHandler
 .text.TIM1_CC_IRQHandler
                0x00000000080024c0       0x14 Core/Src/stm32l4xx_it.o
                0x00000000080024c0                TIM1_CC_IRQHandler
 .text.TIM2_IRQHandler
                0x00000000080024d4       0x1c Core/Src/stm32l4xx_it.o
                0x00000000080024d4                TIM2_IRQHandler
 .text.TIM3_IRQHandler
                0x00000000080024f0       0x14 Core/Src/stm32l4xx_it.o
                0x00000000080024f0                TIM3_IRQHandler
 .text.EXTI15_10_IRQHandler
                0x0000000008002504       0x1c Core/Src/stm32l4xx_it.o
                0x0000000008002504                EXTI15_10_IRQHandler
 .text.TIM6_DAC_IRQHandler
                0x0000000008002520       0x18 Core/Src/stm32l4xx_it.o
                0x0000000008002520                TIM6_DAC_IRQHandler
 .text._sbrk    0x0000000008002538       0x58 Core/Src/sysmem.o
                0x0000000008002538                _sbrk
 .text.SystemInit
                0x0000000008002590       0x6c Core/Src/system_stm32l4xx.o
                0x0000000008002590                SystemInit
 .text.Reset_Handler
                0x00000000080025fc       0x50 Core/Startup/startup_stm32l452retx.o
                0x00000000080025fc                Reset_Handler
 .text.Default_Handler
                0x000000000800264c        0x2 Core/Startup/startup_stm32l452retx.o
                0x000000000800264c                RTC_Alarm_IRQHandler
                0x000000000800264c                EXTI2_IRQHandler
                0x000000000800264c                TSC_IRQHandler
                0x000000000800264c                TAMP_STAMP_IRQHandler
                0x000000000800264c                EXTI3_IRQHandler
                0x000000000800264c                LPTIM2_IRQHandler
                0x000000000800264c                DFSDM1_FLT1_IRQHandler
                0x000000000800264c                I2C3_ER_IRQHandler
                0x000000000800264c                EXTI0_IRQHandler
                0x000000000800264c                I2C2_EV_IRQHandler
                0x000000000800264c                CAN1_RX0_IRQHandler
                0x000000000800264c                FPU_IRQHandler
                0x000000000800264c                TIM1_UP_TIM16_IRQHandler
                0x000000000800264c                SPI1_IRQHandler
                0x000000000800264c                DMA2_Channel2_IRQHandler
                0x000000000800264c                DMA1_Channel4_IRQHandler
                0x000000000800264c                ADC1_IRQHandler
                0x000000000800264c                USART3_IRQHandler
                0x000000000800264c                CAN1_RX1_IRQHandler
                0x000000000800264c                DMA2_Channel1_IRQHandler
                0x000000000800264c                QUADSPI_IRQHandler
                0x000000000800264c                I2C1_EV_IRQHandler
                0x000000000800264c                DMA1_Channel6_IRQHandler
                0x000000000800264c                UART4_IRQHandler
                0x000000000800264c                DMA2_Channel4_IRQHandler
                0x000000000800264c                RCC_IRQHandler
                0x000000000800264c                TIM1_TRG_COM_IRQHandler
                0x000000000800264c                DMA1_Channel1_IRQHandler
                0x000000000800264c                Default_Handler
                0x000000000800264c                DMA2_Channel7_IRQHandler
                0x000000000800264c                SDMMC1_IRQHandler
                0x000000000800264c                I2C3_EV_IRQHandler
                0x000000000800264c                USB_IRQHandler
                0x000000000800264c                EXTI9_5_IRQHandler
                0x000000000800264c                RTC_WKUP_IRQHandler
                0x000000000800264c                PVD_PVM_IRQHandler
                0x000000000800264c                SPI2_IRQHandler
                0x000000000800264c                CAN1_TX_IRQHandler
                0x000000000800264c                DMA2_Channel5_IRQHandler
                0x000000000800264c                CRS_IRQHandler
                0x000000000800264c                DMA1_Channel5_IRQHandler
                0x000000000800264c                EXTI4_IRQHandler
                0x000000000800264c                RNG_IRQHandler
                0x000000000800264c                DMA1_Channel3_IRQHandler
                0x000000000800264c                COMP_IRQHandler
                0x000000000800264c                WWDG_IRQHandler
                0x000000000800264c                I2C4_EV_IRQHandler
                0x000000000800264c                LPUART1_IRQHandler
                0x000000000800264c                DMA2_Channel6_IRQHandler
                0x000000000800264c                EXTI1_IRQHandler
                0x000000000800264c                USART2_IRQHandler
                0x000000000800264c                DFSDM1_FLT0_IRQHandler
                0x000000000800264c                I2C2_ER_IRQHandler
                0x000000000800264c                DMA1_Channel2_IRQHandler
                0x000000000800264c                CAN1_SCE_IRQHandler
                0x000000000800264c                FLASH_IRQHandler
                0x000000000800264c                USART1_IRQHandler
                0x000000000800264c                SPI3_IRQHandler
                0x000000000800264c                I2C1_ER_IRQHandler
                0x000000000800264c                LPTIM1_IRQHandler
                0x000000000800264c                I2C4_ER_IRQHandler
                0x000000000800264c                SAI1_IRQHandler
                0x000000000800264c                DMA2_Channel3_IRQHandler
                0x000000000800264c                TIM1_BRK_TIM15_IRQHandler
 .text.HAL_Init
                0x000000000800264e       0x30 Drivers/STM32L4xx_HAL_Driver/Src/stm32l4xx_hal.o
                0x000000000800264e                HAL_Init
 *fill*         0x000000000800267e        0x2 
 .text.HAL_InitTick
                0x0000000008002680       0x74 Drivers/STM32L4xx_HAL_Driver/Src/stm32l4xx_hal.o
                0x0000000008002680                HAL_InitTick
 .text.HAL_IncTick
                0x00000000080026f4       0x24 Drivers/STM32L4xx_HAL_Driver/Src/stm32l4xx_hal.o
                0x00000000080026f4                HAL_IncTick
 .text.HAL_GetTick
                0x0000000008002718       0x18 Drivers/STM32L4xx_HAL_Driver/Src/stm32l4xx_hal.o
                0x0000000008002718                HAL_GetTick
 .text.HAL_Delay
                0x0000000008002730       0x44 Drivers/STM32L4xx_HAL_Driver/Src/stm32l4xx_hal.o
                0x0000000008002730                HAL_Delay
 .text.__NVIC_SetPriorityGrouping
                0x0000000008002774       0x48 Drivers/STM32L4xx_HAL_Driver/Src/stm32l4xx_hal_cortex.o
 .text.__NVIC_GetPriorityGrouping
                0x00000000080027bc       0x1c Drivers/STM32L4xx_HAL_Driver/Src/stm32l4xx_hal_cortex.o
 .text.__NVIC_EnableIRQ
                0x00000000080027d8       0x3c Drivers/STM32L4xx_HAL_Driver/Src/stm32l4xx_hal_cortex.o
 .text.__NVIC_SetPriority
                0x0000000008002814       0x54 Drivers/STM32L4xx_HAL_Driver/Src/stm32l4xx_hal_cortex.o
 .text.NVIC_EncodePriority
                0x0000000008002868       0x66 Drivers/STM32L4xx_HAL_Driver/Src/stm32l4xx_hal_cortex.o
 *fill*         0x00000000080028ce        0x2 
 .text.SysTick_Config
                0x00000000080028d0       0x44 Drivers/STM32L4xx_HAL_Driver/Src/stm32l4xx_hal_cortex.o
 .text.HAL_NVIC_SetPriorityGrouping
                0x0000000008002914       0x16 Drivers/STM32L4xx_HAL_Driver/Src/stm32l4xx_hal_cortex.o
                0x0000000008002914                HAL_NVIC_SetPriorityGrouping
 .text.HAL_NVIC_SetPriority
                0x000000000800292a       0x38 Drivers/STM32L4xx_HAL_Driver/Src/stm32l4xx_hal_cortex.o
                0x000000000800292a                HAL_NVIC_SetPriority
 .text.HAL_NVIC_EnableIRQ
                0x0000000008002962       0x1c Drivers/STM32L4xx_HAL_Driver/Src/stm32l4xx_hal_cortex.o
                0x0000000008002962                HAL_NVIC_EnableIRQ
 .text.HAL_SYSTICK_Config
                0x000000000800297e       0x18 Drivers/STM32L4xx_HAL_Driver/Src/stm32l4xx_hal_cortex.o
                0x000000000800297e                HAL_SYSTICK_Config
 *fill*         0x0000000008002996        0x2 
 .text.HAL_DMA_Init
                0x0000000008002998      0x170 Drivers/STM32L4xx_HAL_Driver/Src/stm32l4xx_hal_dma.o
                0x0000000008002998                HAL_DMA_Init
 .text.HAL_DMA_Start_IT
                0x0000000008002b08       0xc0 Drivers/STM32L4xx_HAL_Driver/Src/stm32l4xx_hal_dma.o
                0x0000000008002b08                HAL_DMA_Start_IT
 .text.HAL_DMA_IRQHandler
                0x0000000008002bc8      0x15e Drivers/STM32L4xx_HAL_Driver/Src/stm32l4xx_hal_dma.o
                0x0000000008002bc8                HAL_DMA_IRQHandler
 *fill*         0x0000000008002d26        0x2 
 .text.HAL_DMA_RegisterCallback
                0x0000000008002d28       0x94 Drivers/STM32L4xx_HAL_Driver/Src/stm32l4xx_hal_dma.o
                0x0000000008002d28                HAL_DMA_RegisterCallback
 .text.DMA_SetConfig
                0x0000000008002dbc       0x60 Drivers/STM32L4xx_HAL_Driver/Src/stm32l4xx_hal_dma.o
 .text.HAL_GPIO_Init
                0x0000000008002e1c      0x2f4 Drivers/STM32L4xx_HAL_Driver/Src/stm32l4xx_hal_gpio.o
                0x0000000008002e1c                HAL_GPIO_Init
 .text.HAL_GPIO_ReadPin
                0x0000000008003110       0x30 Drivers/STM32L4xx_HAL_Driver/Src/stm32l4xx_hal_gpio.o
                0x0000000008003110                HAL_GPIO_ReadPin
 .text.HAL_GPIO_WritePin
                0x0000000008003140       0x30 Drivers/STM32L4xx_HAL_Driver/Src/stm32l4xx_hal_gpio.o
                0x0000000008003140                HAL_GPIO_WritePin
 .text.HAL_GPIO_TogglePin
                0x0000000008003170       0x32 Drivers/STM32L4xx_HAL_Driver/Src/stm32l4xx_hal_gpio.o
                0x0000000008003170                HAL_GPIO_TogglePin
 *fill*         0x00000000080031a2        0x2 
 .text.HAL_GPIO_EXTI_IRQHandler
                0x00000000080031a4       0x30 Drivers/STM32L4xx_HAL_Driver/Src/stm32l4xx_hal_gpio.o
                0x00000000080031a4                HAL_GPIO_EXTI_IRQHandler
 .text.HAL_GPIO_EXTI_Callback
                0x00000000080031d4       0x16 Drivers/STM32L4xx_HAL_Driver/Src/stm32l4xx_hal_gpio.o
                0x00000000080031d4                HAL_GPIO_EXTI_Callback
 .text.HAL_I2C_Init
                0x00000000080031ea      0x11e Drivers/STM32L4xx_HAL_Driver/Src/stm32l4xx_hal_i2c.o
                0x00000000080031ea                HAL_I2C_Init
 .text.HAL_I2CEx_ConfigAnalogFilter
                0x0000000008003308       0x96 Drivers/STM32L4xx_HAL_Driver/Src/stm32l4xx_hal_i2c_ex.o
                0x0000000008003308                HAL_I2CEx_ConfigAnalogFilter
 .text.HAL_I2CEx_ConfigDigitalFilter
                0x000000000800339e       0x98 Drivers/STM32L4xx_HAL_Driver/Src/stm32l4xx_hal_i2c_ex.o
                0x000000000800339e                HAL_I2CEx_ConfigDigitalFilter
 *fill*         0x0000000008003436        0x2 
 .text.HAL_PWREx_GetVoltageRange
                0x0000000008003438       0x1c Drivers/STM32L4xx_HAL_Driver/Src/stm32l4xx_hal_pwr_ex.o
                0x0000000008003438                HAL_PWREx_GetVoltageRange
 .text.HAL_PWREx_ControlVoltageScaling
                0x0000000008003454       0xac Drivers/STM32L4xx_HAL_Driver/Src/stm32l4xx_hal_pwr_ex.o
                0x0000000008003454                HAL_PWREx_ControlVoltageScaling
 .text.HAL_RCC_OscConfig
                0x0000000008003500      0x840 Drivers/STM32L4xx_HAL_Driver/Src/stm32l4xx_hal_rcc.o
                0x0000000008003500                HAL_RCC_OscConfig
 .text.HAL_RCC_ClockConfig
                0x0000000008003d40      0x1c4 Drivers/STM32L4xx_HAL_Driver/Src/stm32l4xx_hal_rcc.o
                0x0000000008003d40                HAL_RCC_ClockConfig
 .text.HAL_RCC_GetSysClockFreq
                0x0000000008003f04      0x114 Drivers/STM32L4xx_HAL_Driver/Src/stm32l4xx_hal_rcc.o
                0x0000000008003f04                HAL_RCC_GetSysClockFreq
 .text.HAL_RCC_GetHCLKFreq
                0x0000000008004018       0x18 Drivers/STM32L4xx_HAL_Driver/Src/stm32l4xx_hal_rcc.o
                0x0000000008004018                HAL_RCC_GetHCLKFreq
 .text.HAL_RCC_GetPCLK1Freq
                0x0000000008004030       0x2c Drivers/STM32L4xx_HAL_Driver/Src/stm32l4xx_hal_rcc.o
                0x0000000008004030                HAL_RCC_GetPCLK1Freq
 .text.HAL_RCC_GetPCLK2Freq
                0x000000000800405c       0x2c Drivers/STM32L4xx_HAL_Driver/Src/stm32l4xx_hal_rcc.o
                0x000000000800405c                HAL_RCC_GetPCLK2Freq
 .text.RCC_SetFlashLatencyFromMSIRange
                0x0000000008004088       0xc0 Drivers/STM32L4xx_HAL_Driver/Src/stm32l4xx_hal_rcc.o
 .text.HAL_RCCEx_PeriphCLKConfig
                0x0000000008004148      0x4d4 Drivers/STM32L4xx_HAL_Driver/Src/stm32l4xx_hal_rcc_ex.o
                0x0000000008004148                HAL_RCCEx_PeriphCLKConfig
 .text.RCCEx_PLLSAI1_Config
                0x000000000800461c      0x1e0 Drivers/STM32L4xx_HAL_Driver/Src/stm32l4xx_hal_rcc_ex.o
 .text.HAL_TIM_Base_Init
                0x00000000080047fc       0x56 Drivers/STM32L4xx_HAL_Driver/Src/stm32l4xx_hal_tim.o
                0x00000000080047fc                HAL_TIM_Base_Init
 *fill*         0x0000000008004852        0x2 
 .text.HAL_TIM_Base_Start
                0x0000000008004854       0x54 Drivers/STM32L4xx_HAL_Driver/Src/stm32l4xx_hal_tim.o
                0x0000000008004854                HAL_TIM_Base_Start
 .text.HAL_TIM_Base_Stop
                0x00000000080048a8       0x56 Drivers/STM32L4xx_HAL_Driver/Src/stm32l4xx_hal_tim.o
                0x00000000080048a8                HAL_TIM_Base_Stop
 *fill*         0x00000000080048fe        0x2 
 .text.HAL_TIM_Base_Start_IT
                0x0000000008004900       0x54 Drivers/STM32L4xx_HAL_Driver/Src/stm32l4xx_hal_tim.o
                0x0000000008004900                HAL_TIM_Base_Start_IT
 .text.HAL_TIM_Base_Stop_IT
                0x0000000008004954       0x56 Drivers/STM32L4xx_HAL_Driver/Src/stm32l4xx_hal_tim.o
                0x0000000008004954                HAL_TIM_Base_Stop_IT
 .text.HAL_TIM_IC_Init
                0x00000000080049aa       0x56 Drivers/STM32L4xx_HAL_Driver/Src/stm32l4xx_hal_tim.o
                0x00000000080049aa                HAL_TIM_IC_Init
 .text.HAL_TIM_IC_Start_IT
                0x0000000008004a00       0xdc Drivers/STM32L4xx_HAL_Driver/Src/stm32l4xx_hal_tim.o
                0x0000000008004a00                HAL_TIM_IC_Start_IT
 .text.HAL_TIM_IC_Stop_IT
                0x0000000008004adc       0xe0 Drivers/STM32L4xx_HAL_Driver/Src/stm32l4xx_hal_tim.o
                0x0000000008004adc                HAL_TIM_IC_Stop_IT
 .text.HAL_TIM_Encoder_Init
                0x0000000008004bbc      0x124 Drivers/STM32L4xx_HAL_Driver/Src/stm32l4xx_hal_tim.o
                0x0000000008004bbc                HAL_TIM_Encoder_Init
 .text.HAL_TIM_Encoder_Start
                0x0000000008004ce0       0x6e Drivers/STM32L4xx_HAL_Driver/Src/stm32l4xx_hal_tim.o
                0x0000000008004ce0                HAL_TIM_Encoder_Start
 .text.HAL_TIM_IRQHandler
                0x0000000008004d4e      0x23e Drivers/STM32L4xx_HAL_Driver/Src/stm32l4xx_hal_tim.o
                0x0000000008004d4e                HAL_TIM_IRQHandler
 .text.HAL_TIM_IC_ConfigChannel
                0x0000000008004f8c      0x138 Drivers/STM32L4xx_HAL_Driver/Src/stm32l4xx_hal_tim.o
                0x0000000008004f8c                HAL_TIM_IC_ConfigChannel
 .text.HAL_TIM_ConfigClockSource
                0x00000000080050c4      0x172 Drivers/STM32L4xx_HAL_Driver/Src/stm32l4xx_hal_tim.o
                0x00000000080050c4                HAL_TIM_ConfigClockSource
 *fill*         0x0000000008005236        0x2 
 .text.HAL_TIM_ReadCapturedValue
                0x0000000008005238       0x88 Drivers/STM32L4xx_HAL_Driver/Src/stm32l4xx_hal_tim.o
                0x0000000008005238                HAL_TIM_ReadCapturedValue
 .text.HAL_TIM_PeriodElapsedCallback
                0x00000000080052c0       0x14 Drivers/STM32L4xx_HAL_Driver/Src/stm32l4xx_hal_tim.o
                0x00000000080052c0                HAL_TIM_PeriodElapsedCallback
 .text.HAL_TIM_OC_DelayElapsedCallback
                0x00000000080052d4       0x14 Drivers/STM32L4xx_HAL_Driver/Src/stm32l4xx_hal_tim.o
                0x00000000080052d4                HAL_TIM_OC_DelayElapsedCallback
 .text.HAL_TIM_PWM_PulseFinishedCallback
                0x00000000080052e8       0x14 Drivers/STM32L4xx_HAL_Driver/Src/stm32l4xx_hal_tim.o
                0x00000000080052e8                HAL_TIM_PWM_PulseFinishedCallback
 .text.HAL_TIM_TriggerCallback
                0x00000000080052fc       0x14 Drivers/STM32L4xx_HAL_Driver/Src/stm32l4xx_hal_tim.o
                0x00000000080052fc                HAL_TIM_TriggerCallback
 .text.TIM_Base_SetConfig
                0x0000000008005310       0xdc Drivers/STM32L4xx_HAL_Driver/Src/stm32l4xx_hal_tim.o
                0x0000000008005310                TIM_Base_SetConfig
 .text.TIM_TI1_SetConfig
                0x00000000080053ec       0xb8 Drivers/STM32L4xx_HAL_Driver/Src/stm32l4xx_hal_tim.o
                0x00000000080053ec                TIM_TI1_SetConfig
 .text.TIM_TI1_ConfigInputStage
                0x00000000080054a4       0x5e Drivers/STM32L4xx_HAL_Driver/Src/stm32l4xx_hal_tim.o
 .text.TIM_TI2_SetConfig
                0x0000000008005502       0x7a Drivers/STM32L4xx_HAL_Driver/Src/stm32l4xx_hal_tim.o
 .text.TIM_TI2_ConfigInputStage
                0x000000000800557c       0x60 Drivers/STM32L4xx_HAL_Driver/Src/stm32l4xx_hal_tim.o
 .text.TIM_TI3_SetConfig
                0x00000000080055dc       0x78 Drivers/STM32L4xx_HAL_Driver/Src/stm32l4xx_hal_tim.o
 .text.TIM_TI4_SetConfig
                0x0000000008005654       0x7a Drivers/STM32L4xx_HAL_Driver/Src/stm32l4xx_hal_tim.o
 .text.TIM_ITRx_SetConfig
                0x00000000080056ce       0x36 Drivers/STM32L4xx_HAL_Driver/Src/stm32l4xx_hal_tim.o
 .text.TIM_ETR_SetConfig
                0x0000000008005704       0x40 Drivers/STM32L4xx_HAL_Driver/Src/stm32l4xx_hal_tim.o
                0x0000000008005704                TIM_ETR_SetConfig
 .text.TIM_CCxChannelCmd
                0x0000000008005744       0x4a Drivers/STM32L4xx_HAL_Driver/Src/stm32l4xx_hal_tim.o
                0x0000000008005744                TIM_CCxChannelCmd
 *fill*         0x000000000800578e        0x2 
 .text.HAL_TIMEx_MasterConfigSynchronization
                0x0000000008005790       0xdc Drivers/STM32L4xx_HAL_Driver/Src/stm32l4xx_hal_tim_ex.o
                0x0000000008005790                HAL_TIMEx_MasterConfigSynchronization
 .text.HAL_TIMEx_CommutCallback
                0x000000000800586c       0x14 Drivers/STM32L4xx_HAL_Driver/Src/stm32l4xx_hal_tim_ex.o
                0x000000000800586c                HAL_TIMEx_CommutCallback
 .text.HAL_TIMEx_BreakCallback
                0x0000000008005880       0x14 Drivers/STM32L4xx_HAL_Driver/Src/stm32l4xx_hal_tim_ex.o
                0x0000000008005880                HAL_TIMEx_BreakCallback
 .text.HAL_TIMEx_Break2Callback
                0x0000000008005894       0x14 Drivers/STM32L4xx_HAL_Driver/Src/stm32l4xx_hal_tim_ex.o
                0x0000000008005894                HAL_TIMEx_Break2Callback
 .text.HAL_UART_Init
                0x00000000080058a8       0x9c Drivers/STM32L4xx_HAL_Driver/Src/stm32l4xx_hal_uart.o
                0x00000000080058a8                HAL_UART_Init
 .text.UART_SetConfig
                0x0000000008005944      0x680 Drivers/STM32L4xx_HAL_Driver/Src/stm32l4xx_hal_uart.o
                0x0000000008005944                UART_SetConfig
 .text.UART_AdvFeatureConfig
                0x0000000008005fc4      0x144 Drivers/STM32L4xx_HAL_Driver/Src/stm32l4xx_hal_uart.o
                0x0000000008005fc4                UART_AdvFeatureConfig
 .text.UART_CheckIdleState
                0x0000000008006108       0x8a Drivers/STM32L4xx_HAL_Driver/Src/stm32l4xx_hal_uart.o
                0x0000000008006108                UART_CheckIdleState
 .text.UART_WaitOnFlagUntilTimeout
                0x0000000008006192       0xf6 Drivers/STM32L4xx_HAL_Driver/Src/stm32l4xx_hal_uart.o
                0x0000000008006192                UART_WaitOnFlagUntilTimeout
 .text.__errno  0x0000000008006288        0xc e:/programs/stm32cubeide_1.2.0/stm32cubeide/plugins/com.st.stm32cube.ide.mcu.externaltools.gnu-tools-for-stm32.7-2018-q2-update.win32_1.0.0.201904181610/tools/bin/../lib/gcc/arm-none-eabi/7.3.1/../../../../arm-none-eabi/lib/thumb/v7e-m/fpv4-sp/hard\libc_nano.a(lib_a-errno.o)
                0x0000000008006288                __errno
 .text.__libc_init_array
                0x0000000008006294       0x48 e:/programs/stm32cubeide_1.2.0/stm32cubeide/plugins/com.st.stm32cube.ide.mcu.externaltools.gnu-tools-for-stm32.7-2018-q2-update.win32_1.0.0.201904181610/tools/bin/../lib/gcc/arm-none-eabi/7.3.1/../../../../arm-none-eabi/lib/thumb/v7e-m/fpv4-sp/hard\libc_nano.a(lib_a-init.o)
                0x0000000008006294                __libc_init_array
 .text.memmove  0x00000000080062dc       0x32 e:/programs/stm32cubeide_1.2.0/stm32cubeide/plugins/com.st.stm32cube.ide.mcu.externaltools.gnu-tools-for-stm32.7-2018-q2-update.win32_1.0.0.201904181610/tools/bin/../lib/gcc/arm-none-eabi/7.3.1/../../../../arm-none-eabi/lib/thumb/v7e-m/fpv4-sp/hard\libc_nano.a(lib_a-memmove.o)
                0x00000000080062dc                memmove
 .text.memset   0x000000000800630e       0x10 e:/programs/stm32cubeide_1.2.0/stm32cubeide/plugins/com.st.stm32cube.ide.mcu.externaltools.gnu-tools-for-stm32.7-2018-q2-update.win32_1.0.0.201904181610/tools/bin/../lib/gcc/arm-none-eabi/7.3.1/../../../../arm-none-eabi/lib/thumb/v7e-m/fpv4-sp/hard\libc_nano.a(lib_a-memset.o)
                0x000000000800630e                memset
 *fill*         0x000000000800631e        0x2 
 .text.sprintf  0x0000000008006320       0x40 e:/programs/stm32cubeide_1.2.0/stm32cubeide/plugins/com.st.stm32cube.ide.mcu.externaltools.gnu-tools-for-stm32.7-2018-q2-update.win32_1.0.0.201904181610/tools/bin/../lib/gcc/arm-none-eabi/7.3.1/../../../../arm-none-eabi/lib/thumb/v7e-m/fpv4-sp/hard\libc_nano.a(lib_a-sprintf.o)
                0x0000000008006320                siprintf
                0x0000000008006320                sprintf
 .text.strcat   0x0000000008006360       0x1e e:/programs/stm32cubeide_1.2.0/stm32cubeide/plugins/com.st.stm32cube.ide.mcu.externaltools.gnu-tools-for-stm32.7-2018-q2-update.win32_1.0.0.201904181610/tools/bin/../lib/gcc/arm-none-eabi/7.3.1/../../../../arm-none-eabi/lib/thumb/v7e-m/fpv4-sp/hard\libc_nano.a(lib_a-strcat.o)
                0x0000000008006360                strcat
 .text.__ssputs_r
                0x000000000800637e       0xb4 e:/programs/stm32cubeide_1.2.0/stm32cubeide/plugins/com.st.stm32cube.ide.mcu.externaltools.gnu-tools-for-stm32.7-2018-q2-update.win32_1.0.0.201904181610/tools/bin/../lib/gcc/arm-none-eabi/7.3.1/../../../../arm-none-eabi/lib/thumb/v7e-m/fpv4-sp/hard\libc_nano.a(lib_a-nano-svfprintf.o)
                0x000000000800637e                __ssputs_r
 *fill*         0x0000000008006432        0x2 
 .text._svfprintf_r
                0x0000000008006434      0x1f0 e:/programs/stm32cubeide_1.2.0/stm32cubeide/plugins/com.st.stm32cube.ide.mcu.externaltools.gnu-tools-for-stm32.7-2018-q2-update.win32_1.0.0.201904181610/tools/bin/../lib/gcc/arm-none-eabi/7.3.1/../../../../arm-none-eabi/lib/thumb/v7e-m/fpv4-sp/hard\libc_nano.a(lib_a-nano-svfprintf.o)
                0x0000000008006434                _svfiprintf_r
                0x0000000008006434                _svfprintf_r
 .text._printf_common
                0x0000000008006624       0xea e:/programs/stm32cubeide_1.2.0/stm32cubeide/plugins/com.st.stm32cube.ide.mcu.externaltools.gnu-tools-for-stm32.7-2018-q2-update.win32_1.0.0.201904181610/tools/bin/../lib/gcc/arm-none-eabi/7.3.1/../../../../arm-none-eabi/lib/thumb/v7e-m/fpv4-sp/hard\libc_nano.a(lib_a-nano-vfprintf_i.o)
                0x0000000008006624                _printf_common
 *fill*         0x000000000800670e        0x2 
 .text._printf_i
                0x0000000008006710      0x224 e:/programs/stm32cubeide_1.2.0/stm32cubeide/plugins/com.st.stm32cube.ide.mcu.externaltools.gnu-tools-for-stm32.7-2018-q2-update.win32_1.0.0.201904181610/tools/bin/../lib/gcc/arm-none-eabi/7.3.1/../../../../arm-none-eabi/lib/thumb/v7e-m/fpv4-sp/hard\libc_nano.a(lib_a-nano-vfprintf_i.o)
                0x0000000008006710                _printf_i
 .text.memcpy   0x0000000008006934       0x16 e:/programs/stm32cubeide_1.2.0/stm32cubeide/plugins/com.st.stm32cube.ide.mcu.externaltools.gnu-tools-for-stm32.7-2018-q2-update.win32_1.0.0.201904181610/tools/bin/../lib/gcc/arm-none-eabi/7.3.1/../../../../arm-none-eabi/lib/thumb/v7e-m/fpv4-sp/hard\libc_nano.a(lib_a-memcpy-stub.o)
                0x0000000008006934                memcpy
 *fill*         0x000000000800694a        0x2 
 .text._free_r  0x000000000800694c       0x9c e:/programs/stm32cubeide_1.2.0/stm32cubeide/plugins/com.st.stm32cube.ide.mcu.externaltools.gnu-tools-for-stm32.7-2018-q2-update.win32_1.0.0.201904181610/tools/bin/../lib/gcc/arm-none-eabi/7.3.1/../../../../arm-none-eabi/lib/thumb/v7e-m/fpv4-sp/hard\libc_nano.a(lib_a-nano-freer.o)
                0x000000000800694c                _free_r
 .text._malloc_r
                0x00000000080069e8       0xb4 e:/programs/stm32cubeide_1.2.0/stm32cubeide/plugins/com.st.stm32cube.ide.mcu.externaltools.gnu-tools-for-stm32.7-2018-q2-update.win32_1.0.0.201904181610/tools/bin/../lib/gcc/arm-none-eabi/7.3.1/../../../../arm-none-eabi/lib/thumb/v7e-m/fpv4-sp/hard\libc_nano.a(lib_a-nano-mallocr.o)
                0x00000000080069e8                _malloc_r
 .text._realloc_r
                0x0000000008006a9c       0x4c e:/programs/stm32cubeide_1.2.0/stm32cubeide/plugins/com.st.stm32cube.ide.mcu.externaltools.gnu-tools-for-stm32.7-2018-q2-update.win32_1.0.0.201904181610/tools/bin/../lib/gcc/arm-none-eabi/7.3.1/../../../../arm-none-eabi/lib/thumb/v7e-m/fpv4-sp/hard\libc_nano.a(lib_a-nano-reallocr.o)
                0x0000000008006a9c                _realloc_r
 .text._sbrk_r  0x0000000008006ae8       0x20 e:/programs/stm32cubeide_1.2.0/stm32cubeide/plugins/com.st.stm32cube.ide.mcu.externaltools.gnu-tools-for-stm32.7-2018-q2-update.win32_1.0.0.201904181610/tools/bin/../lib/gcc/arm-none-eabi/7.3.1/../../../../arm-none-eabi/lib/thumb/v7e-m/fpv4-sp/hard\libc_nano.a(lib_a-sbrkr.o)
                0x0000000008006ae8                _sbrk_r
 .text.__malloc_lock
                0x0000000008006b08        0x2 e:/programs/stm32cubeide_1.2.0/stm32cubeide/plugins/com.st.stm32cube.ide.mcu.externaltools.gnu-tools-for-stm32.7-2018-q2-update.win32_1.0.0.201904181610/tools/bin/../lib/gcc/arm-none-eabi/7.3.1/../../../../arm-none-eabi/lib/thumb/v7e-m/fpv4-sp/hard\libc_nano.a(lib_a-mlock.o)
                0x0000000008006b08                __malloc_lock
 .text.__malloc_unlock
                0x0000000008006b0a        0x2 e:/programs/stm32cubeide_1.2.0/stm32cubeide/plugins/com.st.stm32cube.ide.mcu.externaltools.gnu-tools-for-stm32.7-2018-q2-update.win32_1.0.0.201904181610/tools/bin/../lib/gcc/arm-none-eabi/7.3.1/../../../../arm-none-eabi/lib/thumb/v7e-m/fpv4-sp/hard\libc_nano.a(lib_a-mlock.o)
                0x0000000008006b0a                __malloc_unlock
 .text._malloc_usable_size_r
                0x0000000008006b0c       0x10 e:/programs/stm32cubeide_1.2.0/stm32cubeide/plugins/com.st.stm32cube.ide.mcu.externaltools.gnu-tools-for-stm32.7-2018-q2-update.win32_1.0.0.201904181610/tools/bin/../lib/gcc/arm-none-eabi/7.3.1/../../../../arm-none-eabi/lib/thumb/v7e-m/fpv4-sp/hard\libc_nano.a(lib_a-nano-msizer.o)
                0x0000000008006b0c                _malloc_usable_size_r
 *(.glue_7)
 .glue_7        0x0000000008006b1c        0x0 linker stubs
 *(.glue_7t)
 .glue_7t       0x0000000008006b1c        0x0 linker stubs
 *(.eh_frame)
 .eh_frame      0x0000000008006b1c        0x0 e:/programs/stm32cubeide_1.2.0/stm32cubeide/plugins/com.st.stm32cube.ide.mcu.externaltools.gnu-tools-for-stm32.7-2018-q2-update.win32_1.0.0.201904181610/tools/bin/../lib/gcc/arm-none-eabi/7.3.1/thumb/v7e-m/fpv4-sp/hard/crtbegin.o
 *(.init)
 .init          0x0000000008006b1c        0x4 e:/programs/stm32cubeide_1.2.0/stm32cubeide/plugins/com.st.stm32cube.ide.mcu.externaltools.gnu-tools-for-stm32.7-2018-q2-update.win32_1.0.0.201904181610/tools/bin/../lib/gcc/arm-none-eabi/7.3.1/thumb/v7e-m/fpv4-sp/hard/crti.o
                0x0000000008006b1c                _init
 .init          0x0000000008006b20        0x8 e:/programs/stm32cubeide_1.2.0/stm32cubeide/plugins/com.st.stm32cube.ide.mcu.externaltools.gnu-tools-for-stm32.7-2018-q2-update.win32_1.0.0.201904181610/tools/bin/../lib/gcc/arm-none-eabi/7.3.1/thumb/v7e-m/fpv4-sp/hard/crtn.o
 *(.fini)
 .fini          0x0000000008006b28        0x4 e:/programs/stm32cubeide_1.2.0/stm32cubeide/plugins/com.st.stm32cube.ide.mcu.externaltools.gnu-tools-for-stm32.7-2018-q2-update.win32_1.0.0.201904181610/tools/bin/../lib/gcc/arm-none-eabi/7.3.1/thumb/v7e-m/fpv4-sp/hard/crti.o
                0x0000000008006b28                _fini
 .fini          0x0000000008006b2c        0x8 e:/programs/stm32cubeide_1.2.0/stm32cubeide/plugins/com.st.stm32cube.ide.mcu.externaltools.gnu-tools-for-stm32.7-2018-q2-update.win32_1.0.0.201904181610/tools/bin/../lib/gcc/arm-none-eabi/7.3.1/thumb/v7e-m/fpv4-sp/hard/crtn.o
                0x0000000008006b34                . = ALIGN (0x4)
                0x0000000008006b34                _etext = .

.vfp11_veneer   0x0000000008006b34        0x0
 .vfp11_veneer  0x0000000008006b34        0x0 linker stubs

.v4_bx          0x0000000008006b34        0x0
 .v4_bx         0x0000000008006b34        0x0 linker stubs

.iplt           0x0000000008006b34        0x0
 .iplt          0x0000000008006b34        0x0 e:/programs/stm32cubeide_1.2.0/stm32cubeide/plugins/com.st.stm32cube.ide.mcu.externaltools.gnu-tools-for-stm32.7-2018-q2-update.win32_1.0.0.201904181610/tools/bin/../lib/gcc/arm-none-eabi/7.3.1/thumb/v7e-m/fpv4-sp/hard/crtbegin.o

.rodata         0x0000000008006b34       0x94
                0x0000000008006b34                . = ALIGN (0x4)
 *(.rodata)
 .rodata        0x0000000008006b34       0x15 Core/Libs/echo_radar/echo_radar.o
 *(.rodata*)
 *fill*         0x0000000008006b49        0x3 
 .rodata.AHBPrescTable
                0x0000000008006b4c       0x10 Core/Src/system_stm32l4xx.o
                0x0000000008006b4c                AHBPrescTable
 .rodata.APBPrescTable
                0x0000000008006b5c        0x8 Core/Src/system_stm32l4xx.o
                0x0000000008006b5c                APBPrescTable
 .rodata.MSIRangeTable
                0x0000000008006b64       0x30 Core/Src/system_stm32l4xx.o
                0x0000000008006b64                MSIRangeTable
 .rodata._svfprintf_r.str1.1
                0x0000000008006b94       0x11 e:/programs/stm32cubeide_1.2.0/stm32cubeide/plugins/com.st.stm32cube.ide.mcu.externaltools.gnu-tools-for-stm32.7-2018-q2-update.win32_1.0.0.201904181610/tools/bin/../lib/gcc/arm-none-eabi/7.3.1/../../../../arm-none-eabi/lib/thumb/v7e-m/fpv4-sp/hard\libc_nano.a(lib_a-nano-svfprintf.o)
 .rodata._printf_i.str1.1
                0x0000000008006ba5       0x22 e:/programs/stm32cubeide_1.2.0/stm32cubeide/plugins/com.st.stm32cube.ide.mcu.externaltools.gnu-tools-for-stm32.7-2018-q2-update.win32_1.0.0.201904181610/tools/bin/../lib/gcc/arm-none-eabi/7.3.1/../../../../arm-none-eabi/lib/thumb/v7e-m/fpv4-sp/hard\libc_nano.a(lib_a-nano-vfprintf_i.o)
                0x0000000008006bc8                . = ALIGN (0x4)
 *fill*         0x0000000008006bc7        0x1 

.ARM.extab      0x0000000008006bc8        0x0
                0x0000000008006bc8                . = ALIGN (0x4)
 *(.ARM.extab* .gnu.linkonce.armextab.*)
                0x0000000008006bc8                . = ALIGN (0x4)

.ARM            0x0000000008006bc8        0x8
                0x0000000008006bc8                . = ALIGN (0x4)
                0x0000000008006bc8                __exidx_start = .
 *(.ARM.exidx*)
 .ARM.exidx     0x0000000008006bc8        0x8 e:/programs/stm32cubeide_1.2.0/stm32cubeide/plugins/com.st.stm32cube.ide.mcu.externaltools.gnu-tools-for-stm32.7-2018-q2-update.win32_1.0.0.201904181610/tools/bin/../lib/gcc/arm-none-eabi/7.3.1/thumb/v7e-m/fpv4-sp/hard\libgcc.a(_udivmoddi4.o)
                0x0000000008006bd0                __exidx_end = .
                0x0000000008006bd0                . = ALIGN (0x4)

.rel.dyn        0x0000000008006bd0        0x0
 .rel.iplt      0x0000000008006bd0        0x0 e:/programs/stm32cubeide_1.2.0/stm32cubeide/plugins/com.st.stm32cube.ide.mcu.externaltools.gnu-tools-for-stm32.7-2018-q2-update.win32_1.0.0.201904181610/tools/bin/../lib/gcc/arm-none-eabi/7.3.1/thumb/v7e-m/fpv4-sp/hard/crtbegin.o

.preinit_array  0x0000000008006bd0        0x0
                0x0000000008006bd0                . = ALIGN (0x4)
                0x0000000008006bd0                PROVIDE (__preinit_array_start = .)
 *(.preinit_array*)
                0x0000000008006bd0                PROVIDE (__preinit_array_end = .)
                0x0000000008006bd0                . = ALIGN (0x4)

.init_array     0x0000000008006bd0        0x4
                0x0000000008006bd0                . = ALIGN (0x4)
                0x0000000008006bd0                PROVIDE (__init_array_start = .)
 *(SORT_BY_NAME(.init_array.*))
 *(.init_array*)
 .init_array    0x0000000008006bd0        0x4 e:/programs/stm32cubeide_1.2.0/stm32cubeide/plugins/com.st.stm32cube.ide.mcu.externaltools.gnu-tools-for-stm32.7-2018-q2-update.win32_1.0.0.201904181610/tools/bin/../lib/gcc/arm-none-eabi/7.3.1/thumb/v7e-m/fpv4-sp/hard/crtbegin.o
                0x0000000008006bd4                PROVIDE (__init_array_end = .)
                0x0000000008006bd4                . = ALIGN (0x4)

.fini_array     0x0000000008006bd4        0x4
                0x0000000008006bd4                . = ALIGN (0x4)
                [!provide]                        PROVIDE (__fini_array_start = .)
 *(SORT_BY_NAME(.fini_array.*))
 *(.fini_array*)
 .fini_array    0x0000000008006bd4        0x4 e:/programs/stm32cubeide_1.2.0/stm32cubeide/plugins/com.st.stm32cube.ide.mcu.externaltools.gnu-tools-for-stm32.7-2018-q2-update.win32_1.0.0.201904181610/tools/bin/../lib/gcc/arm-none-eabi/7.3.1/thumb/v7e-m/fpv4-sp/hard/crtbegin.o
                [!provide]                        PROVIDE (__fini_array_end = .)
                0x0000000008006bd8                . = ALIGN (0x4)
                0x0000000008006bd8                _sidata = LOADADDR (.data)

.data           0x0000000020000000       0x70 load address 0x0000000008006bd8
                0x0000000020000000                . = ALIGN (0x4)
                0x0000000020000000                _sdata = .
 *(.data)
 *(.data*)
 .data.SystemCoreClock
                0x0000000020000000        0x4 Core/Src/system_stm32l4xx.o
                0x0000000020000000                SystemCoreClock
 .data.uwTickPrio
                0x0000000020000004        0x4 Drivers/STM32L4xx_HAL_Driver/Src/stm32l4xx_hal.o
                0x0000000020000004                uwTickPrio
 .data.uwTickFreq
                0x0000000020000008        0x4 Drivers/STM32L4xx_HAL_Driver/Src/stm32l4xx_hal.o
                0x0000000020000008                uwTickFreq
 .data._impure_ptr
                0x000000002000000c        0x4 e:/programs/stm32cubeide_1.2.0/stm32cubeide/plugins/com.st.stm32cube.ide.mcu.externaltools.gnu-tools-for-stm32.7-2018-q2-update.win32_1.0.0.201904181610/tools/bin/../lib/gcc/arm-none-eabi/7.3.1/../../../../arm-none-eabi/lib/thumb/v7e-m/fpv4-sp/hard\libc_nano.a(lib_a-impure.o)
                0x000000002000000c                _impure_ptr
 .data.impure_data
                0x0000000020000010       0x60 e:/programs/stm32cubeide_1.2.0/stm32cubeide/plugins/com.st.stm32cube.ide.mcu.externaltools.gnu-tools-for-stm32.7-2018-q2-update.win32_1.0.0.201904181610/tools/bin/../lib/gcc/arm-none-eabi/7.3.1/../../../../arm-none-eabi/lib/thumb/v7e-m/fpv4-sp/hard\libc_nano.a(lib_a-impure.o)
                0x0000000020000070                . = ALIGN (0x4)
                0x0000000020000070                _edata = .

.igot.plt       0x0000000020000070        0x0 load address 0x0000000008006c48
 .igot.plt      0x0000000020000070        0x0 e:/programs/stm32cubeide_1.2.0/stm32cubeide/plugins/com.st.stm32cube.ide.mcu.externaltools.gnu-tools-for-stm32.7-2018-q2-update.win32_1.0.0.201904181610/tools/bin/../lib/gcc/arm-none-eabi/7.3.1/thumb/v7e-m/fpv4-sp/hard/crtbegin.o
                0x0000000020000070                . = ALIGN (0x4)

.bss            0x0000000020000070     0x24dc load address 0x0000000008006c48
                0x0000000020000070                _sbss = .
                0x0000000020000070                __bss_start__ = _sbss
 *(.bss)
 .bss           0x0000000020000070       0x1c e:/programs/stm32cubeide_1.2.0/stm32cubeide/plugins/com.st.stm32cube.ide.mcu.externaltools.gnu-tools-for-stm32.7-2018-q2-update.win32_1.0.0.201904181610/tools/bin/../lib/gcc/arm-none-eabi/7.3.1/thumb/v7e-m/fpv4-sp/hard/crtbegin.o
 *(.bss*)
 .bss.mes       0x000000002000008c      0x200 Core/Libs/dma_uasrt/dma_usart.o
 .bss.echoRadar
                0x000000002000028c     0x1078 Core/Libs/echo_radar/echo_radar.o
 .bss.heap_end.6424
                0x0000000020001304        0x4 Core/Src/sysmem.o
 .bss.__malloc_free_list
                0x0000000020001308        0x4 e:/programs/stm32cubeide_1.2.0/stm32cubeide/plugins/com.st.stm32cube.ide.mcu.externaltools.gnu-tools-for-stm32.7-2018-q2-update.win32_1.0.0.201904181610/tools/bin/../lib/gcc/arm-none-eabi/7.3.1/../../../../arm-none-eabi/lib/thumb/v7e-m/fpv4-sp/hard\libc_nano.a(lib_a-nano-mallocr.o)
                0x0000000020001308                __malloc_free_list
 .bss.__malloc_sbrk_start
                0x000000002000130c        0x4 e:/programs/stm32cubeide_1.2.0/stm32cubeide/plugins/com.st.stm32cube.ide.mcu.externaltools.gnu-tools-for-stm32.7-2018-q2-update.win32_1.0.0.201904181610/tools/bin/../lib/gcc/arm-none-eabi/7.3.1/../../../../arm-none-eabi/lib/thumb/v7e-m/fpv4-sp/hard\libc_nano.a(lib_a-nano-mallocr.o)
                0x000000002000130c                __malloc_sbrk_start
 *(COMMON)
 COMMON         0x0000000020001310     0x1234 Core/Src/main.o
                0x0000000020001310                timer
                0x0000000020001314                hi2c1
                0x0000000020001360                encoder
                0x000000002000138c                htim3
                0x00000000200013cc                hdma_usart2_tx
                0x0000000020001414                val
                0x0000000020001418                htim6
                0x0000000020001458                htim1
                0x0000000020001498                hcsr
                0x00000000200014b4                htim2
                0x00000000200014f4                motor
                0x00000000200024c4                huart2
 COMMON         0x0000000020002544        0x4 Drivers/STM32L4xx_HAL_Driver/Src/stm32l4xx_hal.o
                0x0000000020002544                uwTick
 COMMON         0x0000000020002548        0x4 e:/programs/stm32cubeide_1.2.0/stm32cubeide/plugins/com.st.stm32cube.ide.mcu.externaltools.gnu-tools-for-stm32.7-2018-q2-update.win32_1.0.0.201904181610/tools/bin/../lib/gcc/arm-none-eabi/7.3.1/../../../../arm-none-eabi/lib/thumb/v7e-m/fpv4-sp/hard\libc_nano.a(lib_a-reent.o)
                0x0000000020002548                errno
                0x000000002000254c                . = ALIGN (0x4)
                0x000000002000254c                _ebss = .
                0x000000002000254c                __bss_end__ = _ebss

._user_heap_stack
                0x000000002000254c      0x604 load address 0x0000000008006c48
                0x0000000020002550                . = ALIGN (0x8)
 *fill*         0x000000002000254c        0x4 
                0x0000000020002550                PROVIDE (end = .)
                [!provide]                        PROVIDE (_end = .)
                0x0000000020002750                . = (. + _Min_Heap_Size)
 *fill*         0x0000000020002550      0x200 
                0x0000000020002b50                . = (. + _Min_Stack_Size)
 *fill*         0x0000000020002750      0x400 
                0x0000000020002b50                . = ALIGN (0x8)

/DISCARD/
 libc.a(*)
 libm.a(*)
 libgcc.a(*)

.ARM.attributes
                0x0000000000000000       0x30
 *(.ARM.attributes)
 .ARM.attributes
                0x0000000000000000       0x22 e:/programs/stm32cubeide_1.2.0/stm32cubeide/plugins/com.st.stm32cube.ide.mcu.externaltools.gnu-tools-for-stm32.7-2018-q2-update.win32_1.0.0.201904181610/tools/bin/../lib/gcc/arm-none-eabi/7.3.1/thumb/v7e-m/fpv4-sp/hard/crti.o
 .ARM.attributes
                0x0000000000000022       0x34 e:/programs/stm32cubeide_1.2.0/stm32cubeide/plugins/com.st.stm32cube.ide.mcu.externaltools.gnu-tools-for-stm32.7-2018-q2-update.win32_1.0.0.201904181610/tools/bin/../lib/gcc/arm-none-eabi/7.3.1/thumb/v7e-m/fpv4-sp/hard/crtbegin.o
 .ARM.attributes
                0x0000000000000056       0x39 Core/Libs/dma_uasrt/dma_usart.o
 .ARM.attributes
                0x000000000000008f       0x39 Core/Libs/dwt_delay/dwt_delay.o
 .ARM.attributes
                0x00000000000000c8       0x39 Core/Libs/echo_radar/echo_radar.o
 .ARM.attributes
                0x0000000000000101       0x39 Core/Libs/encoder/encoder.o
 .ARM.attributes
                0x000000000000013a       0x39 Core/Libs/hcsr04_IC/hcsr04.o
 .ARM.attributes
                0x0000000000000173       0x39 Core/Libs/step_motor/step_motor.o
 .ARM.attributes
                0x00000000000001ac       0x39 Core/Src/main.o
 .ARM.attributes
                0x00000000000001e5       0x39 Core/Src/stm32l4xx_hal_msp.o
 .ARM.attributes
                0x000000000000021e       0x39 Core/Src/stm32l4xx_it.o
 .ARM.attributes
                0x0000000000000257       0x39 Core/Src/sysmem.o
 .ARM.attributes
                0x0000000000000290       0x39 Core/Src/system_stm32l4xx.o
 .ARM.attributes
                0x00000000000002c9       0x21 Core/Startup/startup_stm32l452retx.o
 .ARM.attributes
                0x00000000000002ea       0x39 Drivers/STM32L4xx_HAL_Driver/Src/stm32l4xx_hal.o
 .ARM.attributes
                0x0000000000000323       0x39 Drivers/STM32L4xx_HAL_Driver/Src/stm32l4xx_hal_cortex.o
 .ARM.attributes
                0x000000000000035c       0x39 Drivers/STM32L4xx_HAL_Driver/Src/stm32l4xx_hal_dma.o
 .ARM.attributes
                0x0000000000000395       0x39 Drivers/STM32L4xx_HAL_Driver/Src/stm32l4xx_hal_gpio.o
 .ARM.attributes
                0x00000000000003ce       0x39 Drivers/STM32L4xx_HAL_Driver/Src/stm32l4xx_hal_i2c.o
 .ARM.attributes
                0x0000000000000407       0x39 Drivers/STM32L4xx_HAL_Driver/Src/stm32l4xx_hal_i2c_ex.o
 .ARM.attributes
                0x0000000000000440       0x39 Drivers/STM32L4xx_HAL_Driver/Src/stm32l4xx_hal_pwr_ex.o
 .ARM.attributes
                0x0000000000000479       0x39 Drivers/STM32L4xx_HAL_Driver/Src/stm32l4xx_hal_rcc.o
 .ARM.attributes
                0x00000000000004b2       0x39 Drivers/STM32L4xx_HAL_Driver/Src/stm32l4xx_hal_rcc_ex.o
 .ARM.attributes
                0x00000000000004eb       0x39 Drivers/STM32L4xx_HAL_Driver/Src/stm32l4xx_hal_tim.o
 .ARM.attributes
                0x0000000000000524       0x39 Drivers/STM32L4xx_HAL_Driver/Src/stm32l4xx_hal_tim_ex.o
 .ARM.attributes
                0x000000000000055d       0x39 Drivers/STM32L4xx_HAL_Driver/Src/stm32l4xx_hal_uart.o
 .ARM.attributes
                0x0000000000000596       0x34 e:/programs/stm32cubeide_1.2.0/stm32cubeide/plugins/com.st.stm32cube.ide.mcu.externaltools.gnu-tools-for-stm32.7-2018-q2-update.win32_1.0.0.201904181610/tools/bin/../lib/gcc/arm-none-eabi/7.3.1/../../../../arm-none-eabi/lib/thumb/v7e-m/fpv4-sp/hard\libc_nano.a(lib_a-errno.o)
 .ARM.attributes
                0x00000000000005ca       0x34 e:/programs/stm32cubeide_1.2.0/stm32cubeide/plugins/com.st.stm32cube.ide.mcu.externaltools.gnu-tools-for-stm32.7-2018-q2-update.win32_1.0.0.201904181610/tools/bin/../lib/gcc/arm-none-eabi/7.3.1/../../../../arm-none-eabi/lib/thumb/v7e-m/fpv4-sp/hard\libc_nano.a(lib_a-impure.o)
 .ARM.attributes
                0x00000000000005fe       0x34 e:/programs/stm32cubeide_1.2.0/stm32cubeide/plugins/com.st.stm32cube.ide.mcu.externaltools.gnu-tools-for-stm32.7-2018-q2-update.win32_1.0.0.201904181610/tools/bin/../lib/gcc/arm-none-eabi/7.3.1/../../../../arm-none-eabi/lib/thumb/v7e-m/fpv4-sp/hard\libc_nano.a(lib_a-init.o)
 .ARM.attributes
                0x0000000000000632       0x34 e:/programs/stm32cubeide_1.2.0/stm32cubeide/plugins/com.st.stm32cube.ide.mcu.externaltools.gnu-tools-for-stm32.7-2018-q2-update.win32_1.0.0.201904181610/tools/bin/../lib/gcc/arm-none-eabi/7.3.1/../../../../arm-none-eabi/lib/thumb/v7e-m/fpv4-sp/hard\libc_nano.a(lib_a-memmove.o)
 .ARM.attributes
                0x0000000000000666       0x34 e:/programs/stm32cubeide_1.2.0/stm32cubeide/plugins/com.st.stm32cube.ide.mcu.externaltools.gnu-tools-for-stm32.7-2018-q2-update.win32_1.0.0.201904181610/tools/bin/../lib/gcc/arm-none-eabi/7.3.1/../../../../arm-none-eabi/lib/thumb/v7e-m/fpv4-sp/hard\libc_nano.a(lib_a-memset.o)
 .ARM.attributes
                0x000000000000069a       0x34 e:/programs/stm32cubeide_1.2.0/stm32cubeide/plugins/com.st.stm32cube.ide.mcu.externaltools.gnu-tools-for-stm32.7-2018-q2-update.win32_1.0.0.201904181610/tools/bin/../lib/gcc/arm-none-eabi/7.3.1/../../../../arm-none-eabi/lib/thumb/v7e-m/fpv4-sp/hard\libc_nano.a(lib_a-sprintf.o)
 .ARM.attributes
                0x00000000000006ce       0x34 e:/programs/stm32cubeide_1.2.0/stm32cubeide/plugins/com.st.stm32cube.ide.mcu.externaltools.gnu-tools-for-stm32.7-2018-q2-update.win32_1.0.0.201904181610/tools/bin/../lib/gcc/arm-none-eabi/7.3.1/../../../../arm-none-eabi/lib/thumb/v7e-m/fpv4-sp/hard\libc_nano.a(lib_a-strcat.o)
 .ARM.attributes
                0x0000000000000702       0x1b e:/programs/stm32cubeide_1.2.0/stm32cubeide/plugins/com.st.stm32cube.ide.mcu.externaltools.gnu-tools-for-stm32.7-2018-q2-update.win32_1.0.0.201904181610/tools/bin/../lib/gcc/arm-none-eabi/7.3.1/../../../../arm-none-eabi/lib/thumb/v7e-m/fpv4-sp/hard\libc_nano.a(lib_a-strlen.o)
 .ARM.attributes
                0x000000000000071d       0x34 e:/programs/stm32cubeide_1.2.0/stm32cubeide/plugins/com.st.stm32cube.ide.mcu.externaltools.gnu-tools-for-stm32.7-2018-q2-update.win32_1.0.0.201904181610/tools/bin/../lib/gcc/arm-none-eabi/7.3.1/../../../../arm-none-eabi/lib/thumb/v7e-m/fpv4-sp/hard\libc_nano.a(lib_a-nano-svfprintf.o)
 .ARM.attributes
                0x0000000000000751       0x34 e:/programs/stm32cubeide_1.2.0/stm32cubeide/plugins/com.st.stm32cube.ide.mcu.externaltools.gnu-tools-for-stm32.7-2018-q2-update.win32_1.0.0.201904181610/tools/bin/../lib/gcc/arm-none-eabi/7.3.1/../../../../arm-none-eabi/lib/thumb/v7e-m/fpv4-sp/hard\libc_nano.a(lib_a-nano-vfprintf_i.o)
 .ARM.attributes
                0x0000000000000785       0x20 e:/programs/stm32cubeide_1.2.0/stm32cubeide/plugins/com.st.stm32cube.ide.mcu.externaltools.gnu-tools-for-stm32.7-2018-q2-update.win32_1.0.0.201904181610/tools/bin/../lib/gcc/arm-none-eabi/7.3.1/../../../../arm-none-eabi/lib/thumb/v7e-m/fpv4-sp/hard\libc_nano.a(lib_a-memchr.o)
 .ARM.attributes
                0x00000000000007a5       0x34 e:/programs/stm32cubeide_1.2.0/stm32cubeide/plugins/com.st.stm32cube.ide.mcu.externaltools.gnu-tools-for-stm32.7-2018-q2-update.win32_1.0.0.201904181610/tools/bin/../lib/gcc/arm-none-eabi/7.3.1/../../../../arm-none-eabi/lib/thumb/v7e-m/fpv4-sp/hard\libc_nano.a(lib_a-memcpy-stub.o)
 .ARM.attributes
                0x00000000000007d9       0x34 e:/programs/stm32cubeide_1.2.0/stm32cubeide/plugins/com.st.stm32cube.ide.mcu.externaltools.gnu-tools-for-stm32.7-2018-q2-update.win32_1.0.0.201904181610/tools/bin/../lib/gcc/arm-none-eabi/7.3.1/../../../../arm-none-eabi/lib/thumb/v7e-m/fpv4-sp/hard\libc_nano.a(lib_a-nano-freer.o)
 .ARM.attributes
                0x000000000000080d       0x34 e:/programs/stm32cubeide_1.2.0/stm32cubeide/plugins/com.st.stm32cube.ide.mcu.externaltools.gnu-tools-for-stm32.7-2018-q2-update.win32_1.0.0.201904181610/tools/bin/../lib/gcc/arm-none-eabi/7.3.1/../../../../arm-none-eabi/lib/thumb/v7e-m/fpv4-sp/hard\libc_nano.a(lib_a-nano-mallocr.o)
 .ARM.attributes
                0x0000000000000841       0x34 e:/programs/stm32cubeide_1.2.0/stm32cubeide/plugins/com.st.stm32cube.ide.mcu.externaltools.gnu-tools-for-stm32.7-2018-q2-update.win32_1.0.0.201904181610/tools/bin/../lib/gcc/arm-none-eabi/7.3.1/../../../../arm-none-eabi/lib/thumb/v7e-m/fpv4-sp/hard\libc_nano.a(lib_a-nano-reallocr.o)
 .ARM.attributes
                0x0000000000000875       0x34 e:/programs/stm32cubeide_1.2.0/stm32cubeide/plugins/com.st.stm32cube.ide.mcu.externaltools.gnu-tools-for-stm32.7-2018-q2-update.win32_1.0.0.201904181610/tools/bin/../lib/gcc/arm-none-eabi/7.3.1/../../../../arm-none-eabi/lib/thumb/v7e-m/fpv4-sp/hard\libc_nano.a(lib_a-sbrkr.o)
 .ARM.attributes
                0x00000000000008a9       0x34 e:/programs/stm32cubeide_1.2.0/stm32cubeide/plugins/com.st.stm32cube.ide.mcu.externaltools.gnu-tools-for-stm32.7-2018-q2-update.win32_1.0.0.201904181610/tools/bin/../lib/gcc/arm-none-eabi/7.3.1/../../../../arm-none-eabi/lib/thumb/v7e-m/fpv4-sp/hard\libc_nano.a(lib_a-mlock.o)
 .ARM.attributes
                0x00000000000008dd       0x34 e:/programs/stm32cubeide_1.2.0/stm32cubeide/plugins/com.st.stm32cube.ide.mcu.externaltools.gnu-tools-for-stm32.7-2018-q2-update.win32_1.0.0.201904181610/tools/bin/../lib/gcc/arm-none-eabi/7.3.1/../../../../arm-none-eabi/lib/thumb/v7e-m/fpv4-sp/hard\libc_nano.a(lib_a-nano-msizer.o)
 .ARM.attributes
                0x0000000000000911       0x34 e:/programs/stm32cubeide_1.2.0/stm32cubeide/plugins/com.st.stm32cube.ide.mcu.externaltools.gnu-tools-for-stm32.7-2018-q2-update.win32_1.0.0.201904181610/tools/bin/../lib/gcc/arm-none-eabi/7.3.1/../../../../arm-none-eabi/lib/thumb/v7e-m/fpv4-sp/hard\libc_nano.a(lib_a-reent.o)
 .ARM.attributes
                0x0000000000000945       0x22 e:/programs/stm32cubeide_1.2.0/stm32cubeide/plugins/com.st.stm32cube.ide.mcu.externaltools.gnu-tools-for-stm32.7-2018-q2-update.win32_1.0.0.201904181610/tools/bin/../lib/gcc/arm-none-eabi/7.3.1/thumb/v7e-m/fpv4-sp/hard\libgcc.a(_arm_addsubdf3.o)
 .ARM.attributes
                0x0000000000000967       0x22 e:/programs/stm32cubeide_1.2.0/stm32cubeide/plugins/com.st.stm32cube.ide.mcu.externaltools.gnu-tools-for-stm32.7-2018-q2-update.win32_1.0.0.201904181610/tools/bin/../lib/gcc/arm-none-eabi/7.3.1/thumb/v7e-m/fpv4-sp/hard\libgcc.a(_arm_muldivdf3.o)
 .ARM.attributes
                0x0000000000000989       0x22 e:/programs/stm32cubeide_1.2.0/stm32cubeide/plugins/com.st.stm32cube.ide.mcu.externaltools.gnu-tools-for-stm32.7-2018-q2-update.win32_1.0.0.201904181610/tools/bin/../lib/gcc/arm-none-eabi/7.3.1/thumb/v7e-m/fpv4-sp/hard\libgcc.a(_arm_fixunsdfsi.o)
 .ARM.attributes
                0x00000000000009ab       0x22 e:/programs/stm32cubeide_1.2.0/stm32cubeide/plugins/com.st.stm32cube.ide.mcu.externaltools.gnu-tools-for-stm32.7-2018-q2-update.win32_1.0.0.201904181610/tools/bin/../lib/gcc/arm-none-eabi/7.3.1/thumb/v7e-m/fpv4-sp/hard\libgcc.a(_aeabi_uldivmod.o)
 .ARM.attributes
                0x00000000000009cd       0x34 e:/programs/stm32cubeide_1.2.0/stm32cubeide/plugins/com.st.stm32cube.ide.mcu.externaltools.gnu-tools-for-stm32.7-2018-q2-update.win32_1.0.0.201904181610/tools/bin/../lib/gcc/arm-none-eabi/7.3.1/thumb/v7e-m/fpv4-sp/hard\libgcc.a(_udivmoddi4.o)
 .ARM.attributes
                0x0000000000000a01       0x22 e:/programs/stm32cubeide_1.2.0/stm32cubeide/plugins/com.st.stm32cube.ide.mcu.externaltools.gnu-tools-for-stm32.7-2018-q2-update.win32_1.0.0.201904181610/tools/bin/../lib/gcc/arm-none-eabi/7.3.1/thumb/v7e-m/fpv4-sp/hard\libgcc.a(_dvmd_tls.o)
 .ARM.attributes
                0x0000000000000a23       0x22 e:/programs/stm32cubeide_1.2.0/stm32cubeide/plugins/com.st.stm32cube.ide.mcu.externaltools.gnu-tools-for-stm32.7-2018-q2-update.win32_1.0.0.201904181610/tools/bin/../lib/gcc/arm-none-eabi/7.3.1/thumb/v7e-m/fpv4-sp/hard/crtn.o
OUTPUT(STM32L452RE_RADAR.elf elf32-littlearm)

.debug_info     0x0000000000000000    0x17a12
 .debug_info    0x0000000000000000     0x10b9 Core/Libs/dma_uasrt/dma_usart.o
 .debug_info    0x00000000000010b9      0x46f Core/Libs/dwt_delay/dwt_delay.o
 .debug_info    0x0000000000001528     0x1764 Core/Libs/echo_radar/echo_radar.o
 .debug_info    0x0000000000002c8c      0xa6e Core/Libs/encoder/encoder.o
 .debug_info    0x00000000000036fa      0x985 Core/Libs/hcsr04_IC/hcsr04.o
 .debug_info    0x000000000000407f      0x510 Core/Libs/step_motor/step_motor.o
 .debug_info    0x000000000000458f     0x246a Core/Src/main.o
 .debug_info    0x00000000000069f9     0x1551 Core/Src/stm32l4xx_hal_msp.o
 .debug_info    0x0000000000007f4a     0x1763 Core/Src/stm32l4xx_it.o
 .debug_info    0x00000000000096ad      0x91c Core/Src/sysmem.o
 .debug_info    0x0000000000009fc9      0x710 Core/Src/system_stm32l4xx.o
 .debug_info    0x000000000000a6d9       0x22 Core/Startup/startup_stm32l452retx.o
 .debug_info    0x000000000000a6fb      0xbb2 Drivers/STM32L4xx_HAL_Driver/Src/stm32l4xx_hal.o
 .debug_info    0x000000000000b2ad      0xef4 Drivers/STM32L4xx_HAL_Driver/Src/stm32l4xx_hal_cortex.o
 .debug_info    0x000000000000c1a1      0x8c1 Drivers/STM32L4xx_HAL_Driver/Src/stm32l4xx_hal_dma.o
 .debug_info    0x000000000000ca62      0x98f Drivers/STM32L4xx_HAL_Driver/Src/stm32l4xx_hal_gpio.o
 .debug_info    0x000000000000d3f1     0x20dc Drivers/STM32L4xx_HAL_Driver/Src/stm32l4xx_hal_i2c.o
 .debug_info    0x000000000000f4cd      0xb5b Drivers/STM32L4xx_HAL_Driver/Src/stm32l4xx_hal_i2c_ex.o
 .debug_info    0x0000000000010028      0xaaa Drivers/STM32L4xx_HAL_Driver/Src/stm32l4xx_hal_pwr_ex.o
 .debug_info    0x0000000000010ad2      0xcba Drivers/STM32L4xx_HAL_Driver/Src/stm32l4xx_hal_rcc.o
 .debug_info    0x000000000001178c     0x1017 Drivers/STM32L4xx_HAL_Driver/Src/stm32l4xx_hal_rcc_ex.o
 .debug_info    0x00000000000127a3     0x266f Drivers/STM32L4xx_HAL_Driver/Src/stm32l4xx_hal_tim.o
 .debug_info    0x0000000000014e12     0x13d8 Drivers/STM32L4xx_HAL_Driver/Src/stm32l4xx_hal_tim_ex.o
 .debug_info    0x00000000000161ea     0x1828 Drivers/STM32L4xx_HAL_Driver/Src/stm32l4xx_hal_uart.o

.debug_abbrev   0x0000000000000000     0x2da1
 .debug_abbrev  0x0000000000000000      0x24a Core/Libs/dma_uasrt/dma_usart.o
 .debug_abbrev  0x000000000000024a      0x12b Core/Libs/dwt_delay/dwt_delay.o
 .debug_abbrev  0x0000000000000375      0x23a Core/Libs/echo_radar/echo_radar.o
 .debug_abbrev  0x00000000000005af      0x1bf Core/Libs/encoder/encoder.o
 .debug_abbrev  0x000000000000076e      0x19b Core/Libs/hcsr04_IC/hcsr04.o
 .debug_abbrev  0x0000000000000909      0x188 Core/Libs/step_motor/step_motor.o
 .debug_abbrev  0x0000000000000a91      0x2e5 Core/Src/main.o
 .debug_abbrev  0x0000000000000d76      0x1e9 Core/Src/stm32l4xx_hal_msp.o
 .debug_abbrev  0x0000000000000f5f      0x219 Core/Src/stm32l4xx_it.o
 .debug_abbrev  0x0000000000001178      0x1bb Core/Src/sysmem.o
 .debug_abbrev  0x0000000000001333      0x150 Core/Src/system_stm32l4xx.o
 .debug_abbrev  0x0000000000001483       0x12 Core/Startup/startup_stm32l452retx.o
 .debug_abbrev  0x0000000000001495      0x1fb Drivers/STM32L4xx_HAL_Driver/Src/stm32l4xx_hal.o
 .debug_abbrev  0x0000000000001690      0x2fa Drivers/STM32L4xx_HAL_Driver/Src/stm32l4xx_hal_cortex.o
 .debug_abbrev  0x000000000000198a      0x1d9 Drivers/STM32L4xx_HAL_Driver/Src/stm32l4xx_hal_dma.o
 .debug_abbrev  0x0000000000001b63      0x1c0 Drivers/STM32L4xx_HAL_Driver/Src/stm32l4xx_hal_gpio.o
 .debug_abbrev  0x0000000000001d23      0x22a Drivers/STM32L4xx_HAL_Driver/Src/stm32l4xx_hal_i2c.o
 .debug_abbrev  0x0000000000001f4d      0x1b9 Drivers/STM32L4xx_HAL_Driver/Src/stm32l4xx_hal_i2c_ex.o
 .debug_abbrev  0x0000000000002106      0x1cb Drivers/STM32L4xx_HAL_Driver/Src/stm32l4xx_hal_pwr_ex.o
 .debug_abbrev  0x00000000000022d1      0x245 Drivers/STM32L4xx_HAL_Driver/Src/stm32l4xx_hal_rcc.o
 .debug_abbrev  0x0000000000002516      0x238 Drivers/STM32L4xx_HAL_Driver/Src/stm32l4xx_hal_rcc_ex.o
 .debug_abbrev  0x000000000000274e      0x230 Drivers/STM32L4xx_HAL_Driver/Src/stm32l4xx_hal_tim.o
 .debug_abbrev  0x000000000000297e      0x21e Drivers/STM32L4xx_HAL_Driver/Src/stm32l4xx_hal_tim_ex.o
 .debug_abbrev  0x0000000000002b9c      0x205 Drivers/STM32L4xx_HAL_Driver/Src/stm32l4xx_hal_uart.o

.debug_aranges  0x0000000000000000     0x1348
 .debug_aranges
                0x0000000000000000       0x40 Core/Libs/dma_uasrt/dma_usart.o
 .debug_aranges
                0x0000000000000040       0x28 Core/Libs/dwt_delay/dwt_delay.o
 .debug_aranges
                0x0000000000000068       0x60 Core/Libs/echo_radar/echo_radar.o
 .debug_aranges
                0x00000000000000c8       0x60 Core/Libs/encoder/encoder.o
 .debug_aranges
                0x0000000000000128       0x38 Core/Libs/hcsr04_IC/hcsr04.o
 .debug_aranges
                0x0000000000000160       0x30 Core/Libs/step_motor/step_motor.o
 .debug_aranges
                0x0000000000000190       0x80 Core/Src/main.o
 .debug_aranges
                0x0000000000000210       0x70 Core/Src/stm32l4xx_hal_msp.o
 .debug_aranges
                0x0000000000000280       0x90 Core/Src/stm32l4xx_it.o
 .debug_aranges
                0x0000000000000310       0x20 Core/Src/sysmem.o
 .debug_aranges
                0x0000000000000330       0x28 Core/Src/system_stm32l4xx.o
 .debug_aranges
                0x0000000000000358       0x28 Core/Startup/startup_stm32l452retx.o
 .debug_aranges
                0x0000000000000380      0x130 Drivers/STM32L4xx_HAL_Driver/Src/stm32l4xx_hal.o
 .debug_aranges
                0x00000000000004b0      0x118 Drivers/STM32L4xx_HAL_Driver/Src/stm32l4xx_hal_cortex.o
 .debug_aranges
                0x00000000000005c8       0x80 Drivers/STM32L4xx_HAL_Driver/Src/stm32l4xx_hal_dma.o
 .debug_aranges
                0x0000000000000648       0x58 Drivers/STM32L4xx_HAL_Driver/Src/stm32l4xx_hal_gpio.o
 .debug_aranges
                0x00000000000006a0      0x290 Drivers/STM32L4xx_HAL_Driver/Src/stm32l4xx_hal_i2c.o
 .debug_aranges
                0x0000000000000930       0x48 Drivers/STM32L4xx_HAL_Driver/Src/stm32l4xx_hal_i2c_ex.o
 .debug_aranges
                0x0000000000000978      0x128 Drivers/STM32L4xx_HAL_Driver/Src/stm32l4xx_hal_pwr_ex.o
 .debug_aranges
                0x0000000000000aa0       0x88 Drivers/STM32L4xx_HAL_Driver/Src/stm32l4xx_hal_rcc.o
 .debug_aranges
                0x0000000000000b28       0xf0 Drivers/STM32L4xx_HAL_Driver/Src/stm32l4xx_hal_rcc_ex.o
 .debug_aranges
                0x0000000000000c18      0x3b8 Drivers/STM32L4xx_HAL_Driver/Src/stm32l4xx_hal_tim.o
 .debug_aranges
                0x0000000000000fd0      0x168 Drivers/STM32L4xx_HAL_Driver/Src/stm32l4xx_hal_tim_ex.o
 .debug_aranges
                0x0000000000001138      0x210 Drivers/STM32L4xx_HAL_Driver/Src/stm32l4xx_hal_uart.o

.debug_ranges   0x0000000000000000     0x11e8
 .debug_ranges  0x0000000000000000       0x30 Core/Libs/dma_uasrt/dma_usart.o
 .debug_ranges  0x0000000000000030       0x18 Core/Libs/dwt_delay/dwt_delay.o
 .debug_ranges  0x0000000000000048       0x68 Core/Libs/echo_radar/echo_radar.o
 .debug_ranges  0x00000000000000b0       0x50 Core/Libs/encoder/encoder.o
 .debug_ranges  0x0000000000000100       0x28 Core/Libs/hcsr04_IC/hcsr04.o
 .debug_ranges  0x0000000000000128       0x20 Core/Libs/step_motor/step_motor.o
 .debug_ranges  0x0000000000000148       0x70 Core/Src/main.o
 .debug_ranges  0x00000000000001b8       0x60 Core/Src/stm32l4xx_hal_msp.o
 .debug_ranges  0x0000000000000218       0x80 Core/Src/stm32l4xx_it.o
 .debug_ranges  0x0000000000000298       0x10 Core/Src/sysmem.o
 .debug_ranges  0x00000000000002a8       0x18 Core/Src/system_stm32l4xx.o
 .debug_ranges  0x00000000000002c0       0x20 Core/Startup/startup_stm32l452retx.o
 .debug_ranges  0x00000000000002e0      0x120 Drivers/STM32L4xx_HAL_Driver/Src/stm32l4xx_hal.o
 .debug_ranges  0x0000000000000400      0x108 Drivers/STM32L4xx_HAL_Driver/Src/stm32l4xx_hal_cortex.o
 .debug_ranges  0x0000000000000508       0x70 Drivers/STM32L4xx_HAL_Driver/Src/stm32l4xx_hal_dma.o
 .debug_ranges  0x0000000000000578       0x48 Drivers/STM32L4xx_HAL_Driver/Src/stm32l4xx_hal_gpio.o
 .debug_ranges  0x00000000000005c0      0x280 Drivers/STM32L4xx_HAL_Driver/Src/stm32l4xx_hal_i2c.o
 .debug_ranges  0x0000000000000840       0x38 Drivers/STM32L4xx_HAL_Driver/Src/stm32l4xx_hal_i2c_ex.o
 .debug_ranges  0x0000000000000878      0x118 Drivers/STM32L4xx_HAL_Driver/Src/stm32l4xx_hal_pwr_ex.o
 .debug_ranges  0x0000000000000990       0x78 Drivers/STM32L4xx_HAL_Driver/Src/stm32l4xx_hal_rcc.o
 .debug_ranges  0x0000000000000a08       0xe0 Drivers/STM32L4xx_HAL_Driver/Src/stm32l4xx_hal_rcc_ex.o
 .debug_ranges  0x0000000000000ae8      0x3a8 Drivers/STM32L4xx_HAL_Driver/Src/stm32l4xx_hal_tim.o
 .debug_ranges  0x0000000000000e90      0x158 Drivers/STM32L4xx_HAL_Driver/Src/stm32l4xx_hal_tim_ex.o
 .debug_ranges  0x0000000000000fe8      0x200 Drivers/STM32L4xx_HAL_Driver/Src/stm32l4xx_hal_uart.o

.debug_macro    0x0000000000000000    0x247d9
 .debug_macro   0x0000000000000000      0x392 Core/Libs/dma_uasrt/dma_usart.o
 .debug_macro   0x0000000000000392      0xa5a Core/Libs/dma_uasrt/dma_usart.o
 .debug_macro   0x0000000000000dec       0xc0 Core/Libs/dma_uasrt/dma_usart.o
 .debug_macro   0x0000000000000eac       0x2e Core/Libs/dma_uasrt/dma_usart.o
 .debug_macro   0x0000000000000eda       0x28 Core/Libs/dma_uasrt/dma_usart.o
 .debug_macro   0x0000000000000f02       0x22 Core/Libs/dma_uasrt/dma_usart.o
 .debug_macro   0x0000000000000f24       0x8e Core/Libs/dma_uasrt/dma_usart.o
 .debug_macro   0x0000000000000fb2       0x51 Core/Libs/dma_uasrt/dma_usart.o
 .debug_macro   0x0000000000001003       0xef Core/Libs/dma_uasrt/dma_usart.o
 .debug_macro   0x00000000000010f2       0x6a Core/Libs/dma_uasrt/dma_usart.o
 .debug_macro   0x000000000000115c      0x1df Core/Libs/dma_uasrt/dma_usart.o
 .debug_macro   0x000000000000133b       0x1c Core/Libs/dma_uasrt/dma_usart.o
 .debug_macro   0x0000000000001357       0x22 Core/Libs/dma_uasrt/dma_usart.o
 .debug_macro   0x0000000000001379       0xdf Core/Libs/dma_uasrt/dma_usart.o
 .debug_macro   0x0000000000001458     0x102d Core/Libs/dma_uasrt/dma_usart.o
 .debug_macro   0x0000000000002485      0x11f Core/Libs/dma_uasrt/dma_usart.o
 .debug_macro   0x00000000000025a4    0x16305 Core/Libs/dma_uasrt/dma_usart.o
 .debug_macro   0x00000000000188a9       0x43 Core/Libs/dma_uasrt/dma_usart.o
 .debug_macro   0x00000000000188ec     0x3890 Core/Libs/dma_uasrt/dma_usart.o
 .debug_macro   0x000000000001c17c      0x174 Core/Libs/dma_uasrt/dma_usart.o
 .debug_macro   0x000000000001c2f0       0x5c Core/Libs/dma_uasrt/dma_usart.o
 .debug_macro   0x000000000001c34c     0x13bb Core/Libs/dma_uasrt/dma_usart.o
 .debug_macro   0x000000000001d707      0x63f Core/Libs/dma_uasrt/dma_usart.o
 .debug_macro   0x000000000001dd46      0x241 Core/Libs/dma_uasrt/dma_usart.o
 .debug_macro   0x000000000001df87      0x13d Core/Libs/dma_uasrt/dma_usart.o
 .debug_macro   0x000000000001e0c4      0x168 Core/Libs/dma_uasrt/dma_usart.o
 .debug_macro   0x000000000001e22c      0x26b Core/Libs/dma_uasrt/dma_usart.o
 .debug_macro   0x000000000001e497      0x23d Core/Libs/dma_uasrt/dma_usart.o
 .debug_macro   0x000000000001e6d4      0x375 Core/Libs/dma_uasrt/dma_usart.o
 .debug_macro   0x000000000001ea49       0xd6 Core/Libs/dma_uasrt/dma_usart.o
 .debug_macro   0x000000000001eb1f      0x22c Core/Libs/dma_uasrt/dma_usart.o
 .debug_macro   0x000000000001ed4b       0x5e Core/Libs/dma_uasrt/dma_usart.o
 .debug_macro   0x000000000001eda9       0xa5 Core/Libs/dma_uasrt/dma_usart.o
 .debug_macro   0x000000000001ee4e      0x122 Core/Libs/dma_uasrt/dma_usart.o
 .debug_macro   0x000000000001ef70      0x365 Core/Libs/dma_uasrt/dma_usart.o
 .debug_macro   0x000000000001f2d5      0xa44 Core/Libs/dma_uasrt/dma_usart.o
 .debug_macro   0x000000000001fd19      0x151 Core/Libs/dma_uasrt/dma_usart.o
 .debug_macro   0x000000000001fe6a      0x59e Core/Libs/dma_uasrt/dma_usart.o
 .debug_macro   0x0000000000020408       0x44 Core/Libs/dma_uasrt/dma_usart.o
 .debug_macro   0x000000000002044c      0x305 Core/Libs/dma_uasrt/dma_usart.o
 .debug_macro   0x0000000000020751       0x46 Core/Libs/dma_uasrt/dma_usart.o
 .debug_macro   0x0000000000020797       0x18 Core/Libs/dma_uasrt/dma_usart.o
 .debug_macro   0x00000000000207af       0x3c Core/Libs/dma_uasrt/dma_usart.o
 .debug_macro   0x00000000000207eb       0x34 Core/Libs/dma_uasrt/dma_usart.o
 .debug_macro   0x000000000002081f       0x16 Core/Libs/dma_uasrt/dma_usart.o
 .debug_macro   0x0000000000020835       0x35 Core/Libs/dma_uasrt/dma_usart.o
 .debug_macro   0x000000000002086a      0x32a Core/Libs/dma_uasrt/dma_usart.o
 .debug_macro   0x0000000000020b94       0x10 Core/Libs/dma_uasrt/dma_usart.o
 .debug_macro   0x0000000000020ba4       0x52 Core/Libs/dma_uasrt/dma_usart.o
 .debug_macro   0x0000000000020bf6       0x1f Core/Libs/dma_uasrt/dma_usart.o
 .debug_macro   0x0000000000020c15       0x43 Core/Libs/dma_uasrt/dma_usart.o
 .debug_macro   0x0000000000020c58       0x20 Core/Libs/dma_uasrt/dma_usart.o
 .debug_macro   0x0000000000020c78      0x1a3 Core/Libs/dma_uasrt/dma_usart.o
 .debug_macro   0x0000000000020e1b       0x10 Core/Libs/dma_uasrt/dma_usart.o
 .debug_macro   0x0000000000020e2b       0x1c Core/Libs/dma_uasrt/dma_usart.o
 .debug_macro   0x0000000000020e47       0x52 Core/Libs/dma_uasrt/dma_usart.o
 .debug_macro   0x0000000000020e99       0x40 Core/Libs/dma_uasrt/dma_usart.o
 .debug_macro   0x0000000000020ed9       0x10 Core/Libs/dma_uasrt/dma_usart.o
 .debug_macro   0x0000000000020ee9       0x40 Core/Libs/dma_uasrt/dma_usart.o
 .debug_macro   0x0000000000020f29       0xd7 Core/Libs/dma_uasrt/dma_usart.o
 .debug_macro   0x0000000000021000       0x1c Core/Libs/dma_uasrt/dma_usart.o
 .debug_macro   0x000000000002101c       0x3d Core/Libs/dma_uasrt/dma_usart.o
 .debug_macro   0x0000000000021059       0x16 Core/Libs/dma_uasrt/dma_usart.o
 .debug_macro   0x000000000002106f      0x145 Core/Libs/dma_uasrt/dma_usart.o
 .debug_macro   0x00000000000211b4       0x16 Core/Libs/dma_uasrt/dma_usart.o
 .debug_macro   0x00000000000211ca       0x20 Core/Libs/dma_uasrt/dma_usart.o
 .debug_macro   0x00000000000211ea       0x4c Core/Libs/dma_uasrt/dma_usart.o
 .debug_macro   0x0000000000021236      0x1f2 Core/Libs/dwt_delay/dwt_delay.o
 .debug_macro   0x0000000000021428       0x10 Core/Libs/dwt_delay/dwt_delay.o
 .debug_macro   0x0000000000021438      0x40e Core/Libs/echo_radar/echo_radar.o
 .debug_macro   0x0000000000021846       0x16 Core/Libs/echo_radar/echo_radar.o
 .debug_macro   0x000000000002185c       0x16 Core/Libs/echo_radar/echo_radar.o
 .debug_macro   0x0000000000021872       0x16 Core/Libs/echo_radar/echo_radar.o
 .debug_macro   0x0000000000021888       0x29 Core/Libs/echo_radar/echo_radar.o
 .debug_macro   0x00000000000218b1      0x202 Core/Libs/encoder/encoder.o
 .debug_macro   0x0000000000021ab3      0x206 Core/Libs/hcsr04_IC/hcsr04.o
 .debug_macro   0x0000000000021cb9      0x1fd Core/Libs/step_motor/step_motor.o
 .debug_macro   0x0000000000021eb6      0x428 Core/Src/main.o
 .debug_macro   0x00000000000222de      0x1f3 Core/Src/stm32l4xx_hal_msp.o
 .debug_macro   0x00000000000224d1      0x42a Core/Src/stm32l4xx_it.o
 .debug_macro   0x00000000000228fb      0x1ae Core/Src/sysmem.o
 .debug_macro   0x0000000000022aa9      0x23b Core/Src/sysmem.o
 .debug_macro   0x0000000000022ce4      0x1ef Core/Src/system_stm32l4xx.o
 .debug_macro   0x0000000000022ed3      0x237 Drivers/STM32L4xx_HAL_Driver/Src/stm32l4xx_hal.o
 .debug_macro   0x000000000002310a      0x1e9 Drivers/STM32L4xx_HAL_Driver/Src/stm32l4xx_hal_cortex.o
 .debug_macro   0x00000000000232f3      0x1e9 Drivers/STM32L4xx_HAL_Driver/Src/stm32l4xx_hal_dma.o
 .debug_macro   0x00000000000234dc      0x228 Drivers/STM32L4xx_HAL_Driver/Src/stm32l4xx_hal_gpio.o
 .debug_macro   0x0000000000023704      0x2ae Drivers/STM32L4xx_HAL_Driver/Src/stm32l4xx_hal_i2c.o
 .debug_macro   0x00000000000239b2      0x1e9 Drivers/STM32L4xx_HAL_Driver/Src/stm32l4xx_hal_i2c_ex.o
 .debug_macro   0x0000000000023b9b      0x20d Drivers/STM32L4xx_HAL_Driver/Src/stm32l4xx_hal_pwr_ex.o
 .debug_macro   0x0000000000023da8      0x22b Drivers/STM32L4xx_HAL_Driver/Src/stm32l4xx_hal_rcc.o
 .debug_macro   0x0000000000023fd3      0x21f Drivers/STM32L4xx_HAL_Driver/Src/stm32l4xx_hal_rcc_ex.o
 .debug_macro   0x00000000000241f2      0x1ea Drivers/STM32L4xx_HAL_Driver/Src/stm32l4xx_hal_tim.o
 .debug_macro   0x00000000000243dc      0x1e9 Drivers/STM32L4xx_HAL_Driver/Src/stm32l4xx_hal_tim_ex.o
 .debug_macro   0x00000000000245c5      0x214 Drivers/STM32L4xx_HAL_Driver/Src/stm32l4xx_hal_uart.o

.debug_line     0x0000000000000000    0x10b0d
 .debug_line    0x0000000000000000      0x9bc Core/Libs/dma_uasrt/dma_usart.o
 .debug_line    0x00000000000009bc      0x757 Core/Libs/dwt_delay/dwt_delay.o
 .debug_line    0x0000000000001113      0xbfb Core/Libs/echo_radar/echo_radar.o
 .debug_line    0x0000000000001d0e      0x80f Core/Libs/encoder/encoder.o
 .debug_line    0x000000000000251d      0x858 Core/Libs/hcsr04_IC/hcsr04.o
 .debug_line    0x0000000000002d75      0x797 Core/Libs/step_motor/step_motor.o
 .debug_line    0x000000000000350c      0xd8a Core/Src/main.o
 .debug_line    0x0000000000004296      0x836 Core/Src/stm32l4xx_hal_msp.o
 .debug_line    0x0000000000004acc      0xca0 Core/Src/stm32l4xx_it.o
 .debug_line    0x000000000000576c      0x57c Core/Src/sysmem.o
 .debug_line    0x0000000000005ce8      0x750 Core/Src/system_stm32l4xx.o
 .debug_line    0x0000000000006438       0x85 Core/Startup/startup_stm32l452retx.o
 .debug_line    0x00000000000064bd      0x9c3 Drivers/STM32L4xx_HAL_Driver/Src/stm32l4xx_hal.o
 .debug_line    0x0000000000006e80      0xa4c Drivers/STM32L4xx_HAL_Driver/Src/stm32l4xx_hal_cortex.o
 .debug_line    0x00000000000078cc      0x949 Drivers/STM32L4xx_HAL_Driver/Src/stm32l4xx_hal_dma.o
 .debug_line    0x0000000000008215      0x8b7 Drivers/STM32L4xx_HAL_Driver/Src/stm32l4xx_hal_gpio.o
 .debug_line    0x0000000000008acc     0x1b05 Drivers/STM32L4xx_HAL_Driver/Src/stm32l4xx_hal_i2c.o
 .debug_line    0x000000000000a5d1      0x869 Drivers/STM32L4xx_HAL_Driver/Src/stm32l4xx_hal_i2c_ex.o
 .debug_line    0x000000000000ae3a      0xa67 Drivers/STM32L4xx_HAL_Driver/Src/stm32l4xx_hal_pwr_ex.o
 .debug_line    0x000000000000b8a1      0xa4b Drivers/STM32L4xx_HAL_Driver/Src/stm32l4xx_hal_rcc.o
 .debug_line    0x000000000000c2ec      0xcc1 Drivers/STM32L4xx_HAL_Driver/Src/stm32l4xx_hal_rcc_ex.o
 .debug_line    0x000000000000cfad     0x1a93 Drivers/STM32L4xx_HAL_Driver/Src/stm32l4xx_hal_tim.o
 .debug_line    0x000000000000ea40      0xe12 Drivers/STM32L4xx_HAL_Driver/Src/stm32l4xx_hal_tim_ex.o
 .debug_line    0x000000000000f852     0x12bb Drivers/STM32L4xx_HAL_Driver/Src/stm32l4xx_hal_uart.o

.debug_str      0x0000000000000000    0xd9ea1
 .debug_str     0x0000000000000000    0xd3dbd Core/Libs/dma_uasrt/dma_usart.o
                                      0xd419e (size before relaxing)
 .debug_str     0x00000000000d3dbd      0x131 Core/Libs/dwt_delay/dwt_delay.o
                                      0xcfb64 (size before relaxing)
 .debug_str     0x00000000000d3eee      0x6ab Core/Libs/echo_radar/echo_radar.o
                                      0xd47bf (size before relaxing)
 .debug_str     0x00000000000d4599      0x10d Core/Libs/encoder/encoder.o
                                      0xd005a (size before relaxing)
 .debug_str     0x00000000000d46a6       0x89 Core/Libs/hcsr04_IC/hcsr04.o
                                      0xcff79 (size before relaxing)
 .debug_str     0x00000000000d472f       0x60 Core/Libs/step_motor/step_motor.o
                                      0xcfb78 (size before relaxing)
 .debug_str     0x00000000000d478f      0xcf0 Core/Src/main.o
                                      0xd5502 (size before relaxing)
 .debug_str     0x00000000000d547f      0x122 Core/Src/stm32l4xx_hal_msp.o
                                      0xd09d0 (size before relaxing)
 .debug_str     0x00000000000d55a1      0x11e Core/Src/stm32l4xx_it.o
                                      0xd47e6 (size before relaxing)
 .debug_str     0x00000000000d56bf      0x4d1 Core/Src/sysmem.o
                                       0x7af3 (size before relaxing)
 .debug_str     0x00000000000d5b90       0xcd Core/Src/system_stm32l4xx.o
                                      0xcfc3d (size before relaxing)
 .debug_str     0x00000000000d5c5d       0x36 Core/Startup/startup_stm32l452retx.o
                                         0x75 (size before relaxing)
 .debug_str     0x00000000000d5c93      0x59c Drivers/STM32L4xx_HAL_Driver/Src/stm32l4xx_hal.o
                                      0xd0675 (size before relaxing)
 .debug_str     0x00000000000d622f      0x392 Drivers/STM32L4xx_HAL_Driver/Src/stm32l4xx_hal_cortex.o
                                      0xd03e7 (size before relaxing)
 .debug_str     0x00000000000d65c1      0x1d6 Drivers/STM32L4xx_HAL_Driver/Src/stm32l4xx_hal_dma.o
                                      0xcfe8b (size before relaxing)
 .debug_str     0x00000000000d6797      0x21f Drivers/STM32L4xx_HAL_Driver/Src/stm32l4xx_hal_gpio.o
                                      0xcfeb7 (size before relaxing)
 .debug_str     0x00000000000d69b6      0xd3f Drivers/STM32L4xx_HAL_Driver/Src/stm32l4xx_hal_i2c.o
                                      0xd0d44 (size before relaxing)
 .debug_str     0x00000000000d76f5       0xb8 Drivers/STM32L4xx_HAL_Driver/Src/stm32l4xx_hal_i2c_ex.o
                                      0xd0146 (size before relaxing)
 .debug_str     0x00000000000d77ad      0x455 Drivers/STM32L4xx_HAL_Driver/Src/stm32l4xx_hal_pwr_ex.o
                                      0xd00d9 (size before relaxing)
 .debug_str     0x00000000000d7c02      0x38a Drivers/STM32L4xx_HAL_Driver/Src/stm32l4xx_hal_rcc.o
                                      0xd01b9 (size before relaxing)
 .debug_str     0x00000000000d7f8c      0x515 Drivers/STM32L4xx_HAL_Driver/Src/stm32l4xx_hal_rcc_ex.o
                                      0xd0495 (size before relaxing)
 .debug_str     0x00000000000d84a1      0xc0c Drivers/STM32L4xx_HAL_Driver/Src/stm32l4xx_hal_tim.o
                                      0xd0cad (size before relaxing)
 .debug_str     0x00000000000d90ad      0x5b0 Drivers/STM32L4xx_HAL_Driver/Src/stm32l4xx_hal_tim_ex.o
                                      0xd05ce (size before relaxing)