ssd1306.c:7:6:ssd1306_Reset	4	static
ssd1306.c:12:6:ssd1306_WriteCommand	32	static
ssd1306.c:17:6:ssd1306_WriteData	32	static
ssd1306.c:62:6:ssd1306_Init	8	static
ssd1306.c:167:6:ssd1306_Fill	24	static
ssd1306.c:177:6:ssd1306_UpdateScreen	16	static
ssd1306.c:196:6:ssd1306_DrawPixel	16	static
ssd1306.c:219:6:ssd1306_WriteChar	48	static
ssd1306.c:254:6:ssd1306_WriteString	24	static
ssd1306.c:271:6:ssd1306_SetCursor	16	static
ssd1306.c:277:6:ssd1306_Line	48	static
ssd1306.c:313:6:ssd1306_Polyline	40	static
ssd1306.c:327:14:ssd1306_DegToRad	24	static
ssd1306.c:331:17:ssd1306_NormalizeTo0_360	24	static
ssd1306.c:348:6:ssd1306_DrawArc	64	static
ssd1306.c:385:6:ssd1306_DrawCircle	40	static
ssd1306.c:430:6:ssd1306_DrawRectangle	32	static
